Component: ARM Compiler 5.06 update 5 (build 528) Tool: armlink [4d35e2]

==============================================================================

Section Cross References

    startup_stm32f10x_md.o(RESET) refers to startup_stm32f10x_md.o(STACK) for __initial_sp
    startup_stm32f10x_md.o(RESET) refers to startup_stm32f10x_md.o(.text) for Reset_Handler
    startup_stm32f10x_md.o(RESET) refers to stm32f10x_it.o(i.NMI_Handler) for NMI_Handler
    startup_stm32f10x_md.o(RESET) refers to stm32f10x_it.o(i.HardFault_Handler) for HardFault_Handler
    startup_stm32f10x_md.o(RESET) refers to stm32f10x_it.o(i.MemManage_Handler) for MemManage_Handler
    startup_stm32f10x_md.o(RESET) refers to stm32f10x_it.o(i.BusFault_Handler) for BusFault_Handler
    startup_stm32f10x_md.o(RESET) refers to stm32f10x_it.o(i.UsageFault_Handler) for UsageFault_Handler
    startup_stm32f10x_md.o(RESET) refers to stm32f10x_it.o(i.SVC_Handler) for SVC_Handler
    startup_stm32f10x_md.o(RESET) refers to stm32f10x_it.o(i.DebugMon_Handler) for DebugMon_Handler
    startup_stm32f10x_md.o(RESET) refers to stm32f10x_it.o(i.PendSV_Handler) for PendSV_Handler
    startup_stm32f10x_md.o(RESET) refers to stm32f10x_it.o(i.SysTick_Handler) for SysTick_Handler
    startup_stm32f10x_md.o(RESET) refers to usart.o(i.USART1_IRQHandler) for USART1_IRQHandler
    startup_stm32f10x_md.o(RESET) refers to esp8266.o(i.USART2_IRQHandler) for USART2_IRQHandler
    startup_stm32f10x_md.o(.text) refers to system_stm32f10x.o(i.SystemInit) for SystemInit
    startup_stm32f10x_md.o(.text) refers to entry.o(.ARM.Collect$$$$00000000) for __main
    system_stm32f10x.o(i.SetSysClock) refers to system_stm32f10x.o(i.SetSysClockTo72) for SetSysClockTo72
    system_stm32f10x.o(i.SystemCoreClockUpdate) refers to system_stm32f10x.o(.data) for SystemCoreClock
    system_stm32f10x.o(i.SystemInit) refers to system_stm32f10x.o(i.SetSysClock) for SetSysClock
    stm32f10x_adc.o(i.ADC_DeInit) refers to stm32f10x_rcc.o(i.RCC_APB2PeriphResetCmd) for RCC_APB2PeriphResetCmd
    stm32f10x_can.o(i.CAN_DeInit) refers to stm32f10x_rcc.o(i.RCC_APB1PeriphResetCmd) for RCC_APB1PeriphResetCmd
    stm32f10x_can.o(i.CAN_GetITStatus) refers to stm32f10x_can.o(i.CheckITStatus) for CheckITStatus
    stm32f10x_bkp.o(i.BKP_DeInit) refers to stm32f10x_rcc.o(i.RCC_BackupResetCmd) for RCC_BackupResetCmd
    stm32f10x_cec.o(i.CEC_DeInit) refers to stm32f10x_rcc.o(i.RCC_APB1PeriphResetCmd) for RCC_APB1PeriphResetCmd
    stm32f10x_dac.o(i.DAC_DeInit) refers to stm32f10x_rcc.o(i.RCC_APB1PeriphResetCmd) for RCC_APB1PeriphResetCmd
    stm32f10x_flash.o(i.FLASH_EnableWriteProtection) refers to stm32f10x_flash.o(i.FLASH_WaitForLastOperation) for FLASH_WaitForLastOperation
    stm32f10x_flash.o(i.FLASH_EraseAllBank1Pages) refers to stm32f10x_flash.o(i.FLASH_WaitForLastBank1Operation) for FLASH_WaitForLastBank1Operation
    stm32f10x_flash.o(i.FLASH_EraseAllPages) refers to stm32f10x_flash.o(i.FLASH_WaitForLastOperation) for FLASH_WaitForLastOperation
    stm32f10x_flash.o(i.FLASH_EraseOptionBytes) refers to stm32f10x_flash.o(i.FLASH_GetReadOutProtectionStatus) for FLASH_GetReadOutProtectionStatus
    stm32f10x_flash.o(i.FLASH_EraseOptionBytes) refers to stm32f10x_flash.o(i.FLASH_WaitForLastOperation) for FLASH_WaitForLastOperation
    stm32f10x_flash.o(i.FLASH_ErasePage) refers to stm32f10x_flash.o(i.FLASH_WaitForLastOperation) for FLASH_WaitForLastOperation
    stm32f10x_flash.o(i.FLASH_ProgramHalfWord) refers to stm32f10x_flash.o(i.FLASH_WaitForLastOperation) for FLASH_WaitForLastOperation
    stm32f10x_flash.o(i.FLASH_ProgramOptionByteData) refers to stm32f10x_flash.o(i.FLASH_WaitForLastOperation) for FLASH_WaitForLastOperation
    stm32f10x_flash.o(i.FLASH_ProgramWord) refers to stm32f10x_flash.o(i.FLASH_WaitForLastOperation) for FLASH_WaitForLastOperation
    stm32f10x_flash.o(i.FLASH_ReadOutProtection) refers to stm32f10x_flash.o(i.FLASH_WaitForLastOperation) for FLASH_WaitForLastOperation
    stm32f10x_flash.o(i.FLASH_UserOptionByteConfig) refers to stm32f10x_flash.o(i.FLASH_WaitForLastOperation) for FLASH_WaitForLastOperation
    stm32f10x_flash.o(i.FLASH_WaitForLastBank1Operation) refers to stm32f10x_flash.o(i.FLASH_GetBank1Status) for FLASH_GetBank1Status
    stm32f10x_flash.o(i.FLASH_WaitForLastOperation) refers to stm32f10x_flash.o(i.FLASH_GetBank1Status) for FLASH_GetBank1Status
    stm32f10x_gpio.o(i.GPIO_AFIODeInit) refers to stm32f10x_rcc.o(i.RCC_APB2PeriphResetCmd) for RCC_APB2PeriphResetCmd
    stm32f10x_gpio.o(i.GPIO_DeInit) refers to stm32f10x_rcc.o(i.RCC_APB2PeriphResetCmd) for RCC_APB2PeriphResetCmd
    stm32f10x_i2c.o(i.I2C_DeInit) refers to stm32f10x_rcc.o(i.RCC_APB1PeriphResetCmd) for RCC_APB1PeriphResetCmd
    stm32f10x_i2c.o(i.I2C_Init) refers to stm32f10x_rcc.o(i.RCC_GetClocksFreq) for RCC_GetClocksFreq
    stm32f10x_pwr.o(i.PWR_DeInit) refers to stm32f10x_rcc.o(i.RCC_APB1PeriphResetCmd) for RCC_APB1PeriphResetCmd
[...]
    i.PrintSystemStatus                      0x08004a58   Section        0  common_types.o(i.PrintSystemStatus)
    i.RCC_ADCCLKConfig                       0x08004be4   Section        0  stm32f10x_rcc.o(i.RCC_ADCCLKConfig)
    i.RCC_AHBPeriphClockCmd                  0x08004bfc   Section        0  stm32f10x_rcc.o(i.RCC_AHBPeriphClockCmd)
    i.RCC_APB1PeriphClockCmd                 0x08004c1c   Section        0  stm32f10x_rcc.o(i.RCC_APB1PeriphClockCmd)
    i.RCC_APB2PeriphClockCmd                 0x08004c3c   Section        0  stm32f10x_rcc.o(i.RCC_APB2PeriphClockCmd)
    i.RCC_GetClocksFreq                      0x08004c5c   Section        0  stm32f10x_rcc.o(i.RCC_GetClocksFreq)
    i.SHT30_Init                             0x08004d30   Section        0  sht30.o(i.SHT30_Init)
    i.SHT30_ReadData                         0x08004d78   Section        0  sht30.o(i.SHT30_ReadData)
    i.SVC_Handler                            0x08004e64   Section        0  stm32f10x_it.o(i.SVC_Handler)
    i.Sensors_ReadAndPrint                   0x08004e66   Section        0  sensors.o(i.Sensors_ReadAndPrint)
    i.Sensors_UpdateAll                      0x08004ea4   Section        0  sensors.o(i.Sensors_UpdateAll)
    i.SetSysClock                            0x08004ee8   Section        0  system_stm32f10x.o(i.SetSysClock)
    SetSysClock                              0x08004ee9   Thumb Code     8  system_stm32f10x.o(i.SetSysClock)
    i.SetSysClockTo72                        0x08004ef0   Section        0  system_stm32f10x.o(i.SetSysClockTo72)
    SetSysClockTo72                          0x08004ef1   Thumb Code   214  system_stm32f10x.o(i.SetSysClockTo72)
    i.StateMachine_Control                   0x08004fd0   Section        0  common_types.o(i.StateMachine_Control)
    i.SysTick_Handler                        0x08005160   Section        0  stm32f10x_it.o(i.SysTick_Handler)
    i.SystemInit                             0x08005164   Section        0  system_stm32f10x.o(i.SystemInit)
    i.TIM_Cmd                                0x080051c4   Section        0  stm32f10x_tim.o(i.TIM_Cmd)
    i.TIM_InternalClockConfig                0x080051dc   Section        0  stm32f10x_tim.o(i.TIM_InternalClockConfig)
    i.TIM_OC1Init                            0x080051e8   Section        0  stm32f10x_tim.o(i.TIM_OC1Init)
    i.TIM_OCStructInit                       0x08005280   Section        0  stm32f10x_tim.o(i.TIM_OCStructInit)
    i.TIM_SetCompare1                        0x08005294   Section        0  stm32f10x_tim.o(i.TIM_SetCompare1)
    i.TIM_TimeBaseInit                       0x08005298   Section        0  stm32f10x_tim.o(i.TIM_TimeBaseInit)
    i.USART1_IRQHandler                      0x0800533c   Section        0  usart.o(i.USART1_IRQHandler)
    i.USART2_IRQHandler                      0x08005358   Section        0  esp8266.o(i.USART2_IRQHandler)
    i.USART_ClearFlag                        0x080053a4   Section        0  stm32f10x_usart.o(i.USART_ClearFlag)
    i.USART_Cmd                              0x080053b6   Section        0  stm32f10x_usart.o(i.USART_Cmd)
    i.USART_GetFlagStatus                    0x080053ce   Section        0  stm32f10x_usart.o(i.USART_GetFlagStatus)
    i.USART_GetITStatus                      0x080053e8   Section        0  stm32f10x_usart.o(i.USART_GetITStatus)
    i.USART_ITConfig                         0x0800543c   Section        0  stm32f10x_usart.o(i.USART_ITConfig)
    i.USART_Init                             0x08005488   Section        0  stm32f10x_usart.o(i.USART_Init)
    i.USART_SendData                         0x08005560   Section        0  stm32f10x_usart.o(i.USART_SendData)
    i.UsageFault_Handler                     0x08005568   Section        0  stm32f10x_it.o(i.UsageFault_Handler)
    i.Usart1_Init                            0x0800556c   Section        0  usart.o(i.Usart1_Init)
    i.Usart2_Init                            0x0800561c   Section        0  usart.o(i.Usart2_Init)
    i.UsartPrintf                            0x080056c8   Section        0  usart.o(i.UsartPrintf)
    i.Usart_SendString                       0x08005710   Section        0  usart.o(i.Usart_SendString)
    i.__0snprintf                            0x08005744   Section        0  printfa.o(i.__0snprintf)
    i.__0sprintf                             0x08005774   Section        0  printfa.o(i.__0sprintf)
    i.__0vsnprintf                           0x0800579c   Section        0  printfa.o(i.__0vsnprintf)
    i.__ARM_fpclassify                       0x080057c8   Section        0  fpclassify.o(i.__ARM_fpclassify)
    i.__kernel_poly                          0x080057f0   Section        0  poly.o(i.__kernel_poly)
    i.__mathlib_dbl_divzero                  0x0800589c   Section        0  dunder.o(i.__mathlib_dbl_divzero)
    i.__mathlib_dbl_infnan2                  0x080058ac   Section        0  dunder.o(i.__mathlib_dbl_infnan2)
    i.__mathlib_dbl_invalid                  0x080058b0   Section        0  dunder.o(i.__mathlib_dbl_invalid)
    i.__mathlib_dbl_overflow                 0x080058bc   Section        0  dunder.o(i.__mathlib_dbl_overflow)
    i.__mathlib_dbl_underflow                0x080058cc   Section        0  dunder.o(i.__mathlib_dbl_underflow)
    i.__scatterload_copy                     0x080058dc   Section       14  handlers.o(i.__scatterload_copy)
    i.__scatterload_null                     0x080058ea   Section        2  handlers.o(i.__scatterload_null)
    i.__scatterload_zeroinit                 0x080058ec   Section       14  handlers.o(i.__scatterload_zeroinit)
    i.__set_errno                            0x080058fc   Section        0  errno.o(i.__set_errno)
    i._fp_digits                             0x08005908   Section        0  printfa.o(i._fp_digits)
    _fp_digits                               0x08005909   Thumb Code   366  printfa.o(i._fp_digits)
    i._printf_core                           0x08005a8c   Section        0  printfa.o(i._printf_core)
    _printf_core                             0x08005a8d   Thumb Code  1744  printfa.o(i._printf_core)
    i._printf_post_padding                   0x08006168   Section        0  printfa.o(i._printf_post_padding)
    _printf_post_padding                     0x08006169   Thumb Code    36  printfa.o(i._printf_post_padding)
    i._printf_pre_padding                    0x0800618c   Section        0  printfa.o(i._printf_pre_padding)
    _printf_pre_padding                      0x0800618d   Thumb Code    46  printfa.o(i._printf_pre_padding)
    i._snputc                                0x080061ba   Section        0  printfa.o(i._snputc)
    _snputc                                  0x080061bb   Thumb Code    22  printfa.o(i._snputc)
    i._sputc                                 0x080061d0   Section        0  printfa.o(i._sputc)
    _sputc                                   0x080061d1   Thumb Code    10  printfa.o(i._sputc)
    i.cJSON_Delete                           0x080061dc   Section        0  cjson.o(i.cJSON_Delete)
    i.cJSON_GetObjectItem                    0x08006234   Section        0  cjson.o(i.cJSON_GetObjectItem)
    i.cJSON_New_Item                         0x08006254   Section        0  cjson.o(i.cJSON_New_Item)
    cJSON_New_Item                           0x08006255   Thumb Code    26  cjson.o(i.cJSON_New_Item)
    i.cJSON_Parse                            0x08006274   Section        0  cjson.o(i.cJSON_Parse)
    i.cJSON_ParseWithOpts                    0x08006284   Section        0  cjson.o(i.cJSON_ParseWithOpts)
    i.cJSON_strcasecmp                       0x080062e8   Section        0  cjson.o(i.cJSON_strcasecmp)
    cJSON_strcasecmp                         0x080062e9   Thumb Code    76  cjson.o(i.cJSON_strcasecmp)
    i.free                                   0x08006334   Section        0  malloc.o(i.free)
    i.ft                                     0x08006384   Section        0  hmac_sha1.o(i.ft)
    i.hmac_sha1                              0x080063d0   Section        0  hmac_sha1.o(i.hmac_sha1)
    i.k                                      0x0800651c   Section        0  hmac_sha1.o(i.k)
    i.main                                   0x08006550   Section        0  main.o(i.main)
    i.malloc                                 0x080065e4   Section        0  malloc.o(i.malloc)
    i.parse_array                            0x08006650   Section        0  cjson.o(i.parse_array)
    parse_array                              0x08006651   Thumb Code   166  cjson.o(i.parse_array)
    i.parse_hex4                             0x080066fc   Section        0  cjson.o(i.parse_hex4)
    parse_hex4                               0x080066fd   Thumb Code   276  cjson.o(i.parse_hex4)
    i.parse_number                           0x08006810   Section        0  cjson.o(i.parse_number)
    parse_number                             0x08006811   Thumb Code   432  cjson.o(i.parse_number)
    i.parse_object                           0x080069cc   Section        0  cjson.o(i.parse_object)
    parse_object                             0x080069cd   Thumb Code   270  cjson.o(i.parse_object)
    i.parse_string                           0x08006ae0   Section        0  cjson.o(i.parse_string)
    parse_string                             0x08006ae1   Thumb Code   448  cjson.o(i.parse_string)
    i.parse_value                            0x08006cac   Section        0  cjson.o(i.parse_value)
    parse_value                              0x08006cad   Thumb Code   158  cjson.o(i.parse_value)
    i.pow                                    0x08006d68   Section        0  pow.o(i.pow)
    i.rotl                                   0x08007740   Section        0  hmac_sha1.o(i.rotl)
    i.round                                  0x08007770   Section        0  round.o(i.round)
    i.sha1                                   0x08007804   Section        0  hmac_sha1.o(i.sha1)
    i.skip                                   0x08007a88   Section        0  cjson.o(i.skip)
    skip                                     0x08007a89   Thumb Code    18  cjson.o(i.skip)
    i.sqrt                                   0x08007a9a   Section        0  sqrt.o(i.sqrt)
    .constdata                               0x08007ae6   Section     4887  oled_data.o(.constdata)
    .constdata                               0x08008dfd   Section      192  base64.o(.constdata)
    base64_enc_map                           0x08008dfd   Data          64  base64.o(.constdata)
    base64_dec_map                           0x08008e3d   Data         128  base64.o(.constdata)
    .constdata                               0x08008ebd   Section        7  cjson.o(.constdata)
    firstByteMark                            0x08008ebd   Data           7  cjson.o(.constdata)
    .constdata                               0x08008ec4   Section       42  platform_handler.o(.constdata)
    .constdata                               0x08008ef0   Section      136  pow.o(.constdata)
    bp                                       0x08008ef0   Data          16  pow.o(.constdata)
    dp_h                                     0x08008f00   Data          16  pow.o(.constdata)
    dp_l                                     0x08008f10   Data          16  pow.o(.constdata)
    L                                        0x08008f20   Data          48  pow.o(.constdata)
    P                                        0x08008f50   Data          40  pow.o(.constdata)
    .constdata                               0x08008f78   Section        8  qnan.o(.constdata)
    .conststring                             0x08008f80   Section       71  onenet.o(.conststring)
    .conststring                             0x08008fc8   Section      226  platform_handler.o(.conststring)
    .data                                    0x20000000   Section       20  stm32f10x_rcc.o(.data)
    APBAHBPrescTable                         0x20000000   Data          16  stm32f10x_rcc.o(.data)
    ADCPrescTable                            0x20000010   Data           4  stm32f10x_rcc.o(.data)
    .data                                    0x20000014   Section       41  main.o(.data)
    .data                                    0x2000003d   Section        2  common_types.o(.data)
    last_state                               0x2000003d   Data           1  common_types.o(.data)
    last_alarm_count                         0x2000003e   Data           1  common_types.o(.data)
    .data                                    0x2000003f   Section        1  key.o(.data)
    key_up                                   0x2000003f   Data           1  key.o(.data)
    .data                                    0x20000040   Section       12  adc2.o(.data)
    AD_Value                                 0x20000048   Data           4  adc2.o(.data)
    .data                                    0x2000004c   Section        4  esp8266.o(.data)
    .data                                    0x20000050   Section        2  onenet.o(.data)
    pkt_id                                   0x20000050   Data           2  onenet.o(.data)
    .data                                    0x20000054   Section       12  cjson.o(.data)
    ep                                       0x20000054   Data           4  cjson.o(.data)
    cJSON_malloc                             0x20000058   Data           4  cjson.o(.data)
    cJSON_free                               0x2000005c   Data           4  cjson.o(.data)
    .data                                    0x20000060   Section        6  platform_handler.o(.data)
    upload_counter                           0x20000064   Data           2  platform_handler.o(.data)
    .data                                    0x20000068   Section        4  mvars.o(.data)
    .data                                    0x2000006c   Section        4  mvars.o(.data)
    .data                                    0x20000070   Section        4  errno.o(.data)
    _errno                                   0x20000070   Data           4  errno.o(.data)
    .bss                                     0x20000074   Section     1024  oled.o(.bss)
    .bss                                     0x20000474   Section      512  esp8266.o(.bss)
    HEAP                                     0x20000678   Section     2048  startup_stm32f10x_md.o(HEAP)
    STACK                                    0x20000e78   Section     4096  startup_stm32f10x_md.o(STACK)

    Global Symbols

    Symbol Name                              Value     Ov Type        Size  Object(Section)

    BuildAttributes$$THM_ISAv4$P$D$K$B$S$PE$A:L22UL41UL21$X:L11$S22US41US21$IEEE1$IW$USESV6$~STKCKD$USESV7$~SHL$OTIME$ROPI$IEEEX$EBA8$MICROLIB$REQ8$PRES8$EABIv2 0x00000000   Number         0  anon$$obj.o ABSOLUTE
    __ARM_use_no_argv                        0x00000000   Number         0  main.o ABSOLUTE
    _printf_a                                0x00000000   Number         0  stubs.o ABSOLUTE
    _printf_c                                0x00000000   Number         0  stubs.o ABSOLUTE
    _printf_charcount                        0x00000000   Number         0  stubs.o ABSOLUTE
    _printf_d                                0x00000000   Number         0  stubs.o ABSOLUTE
    _printf_e                                0x00000000   Number         0  stubs.o ABSOLUTE
    _printf_f                                0x00000000   Number         0  stubs.o ABSOLUTE
    _printf_flags                            0x00000000   Number         0  stubs.o ABSOLUTE
    _printf_fp_dec                           0x00000000   Number         0  stubs.o ABSOLUTE
    _printf_fp_hex                           0x00000000   Number         0  stubs.o ABSOLUTE
    _printf_g                                0x00000000   Number         0  stubs.o ABSOLUTE
    _printf_i                                0x00000000   Number         0  stubs.o ABSOLUTE
    _printf_int_dec                          0x00000000   Number         0  stubs.o ABSOLUTE
    _printf_l                                0x00000000   Number         0  stubs.o ABSOLUTE
    _printf_lc                               0x00000000   Number         0  stubs.o ABSOLUTE
    _printf_ll                               0x00000000   Number         0  stubs.o ABSOLUTE
    _printf_lld                              0x00000000   Number         0  stubs.o ABSOLUTE
    _printf_lli                              0x00000000   Number         0  stubs.o ABSOLUTE
    _printf_llo                              0x00000000   Number         0  stubs.o ABSOLUTE
    _printf_llu                              0x00000000   Number         0  stubs.o ABSOLUTE
    _printf_llx                              0x00000000   Number         0  stubs.o ABSOLUTE
    _printf_longlong_dec                     0x00000000   Number         0  stubs.o ABSOLUTE
    _printf_longlong_hex                     0x00000000   Number         0  stubs.o ABSOLUTE
    _printf_longlong_oct                     0x00000000   Number         0  stubs.o ABSOLUTE
    _printf_ls                               0x00000000   Number         0  stubs.o ABSOLUTE
    _printf_mbtowc                           0x00000000   Number         0  stubs.o ABSOLUTE
    _printf_n                                0x00000000   Number         0  stubs.o ABSOLUTE
    _printf_o                                0x00000000   Number         0  stubs.o ABSOLUTE
    _printf_p                                0x00000000   Number         0  stubs.o ABSOLUTE
    _printf_percent                          0x00000000   Number         0  stubs.o ABSOLUTE
    _printf_pre_padding                      0x00000000   Number         0  stubs.o ABSOLUTE
    _printf_return_value                     0x00000000   Number         0  stubs.o ABSOLUTE
    _printf_s                                0x00000000   Number         0  stubs.o ABSOLUTE
    _printf_sizespec                         0x00000000   Number         0  stubs.o ABSOLUTE
    _printf_str                              0x00000000   Number         0  stubs.o ABSOLUTE
    _printf_truncate_signed                  0x00000000   Number         0  stubs.o ABSOLUTE
    _printf_truncate_unsigned                0x00000000   Number         0  stubs.o ABSOLUTE
    _printf_u                                0x00000000   Number         0  stubs.o ABSOLUTE
    _printf_wc                               0x00000000   Number         0  stubs.o ABSOLUTE
    _printf_wctomb                           0x00000000   Number         0  stubs.o ABSOLUTE
    _printf_widthprec                        0x00000000   Number         0  stubs.o ABSOLUTE
    _printf_x                                0x00000000   Number         0  stubs.o ABSOLUTE
    __cpp_initialize__aeabi_                  - Undefined Weak Reference
    __cxa_finalize                            - Undefined Weak Reference
    __decompress                              - Undefined Weak Reference
    _clock_init                               - Undefined Weak Reference
    _microlib_exit                            - Undefined Weak Reference
    __Vectors_Size                           0x000000ec   Number         0  startup_stm32f10x_md.o ABSOLUTE
    __Vectors                                0x08000000   Data           4  startup_stm32f10x_md.o(RESET)
    __Vectors_End                            0x080000ec   Data           0  startup_stm32f10x_md.o(RESET)
    __main                                   0x080000ed   Thumb Code     0  entry.o(.ARM.Collect$$$$00000000)
    _main_stk                                0x080000ed   Thumb Code     0  entry2.o(.ARM.Collect$$$$00000001)
    _main_scatterload                        0x080000f1   Thumb Code     0  entry5.o(.ARM.Collect$$$$00000004)
    __main_after_scatterload                 0x080000f5   Thumb Code     0  entry5.o(.ARM.Collect$$$$00000004)
    _main_clock                              0x080000f5   Thumb Code     0  entry7b.o(.ARM.Collect$$$$00000008)
    _main_cpp_init                           0x080000f5   Thumb Code     0  entry8b.o(.ARM.Collect$$$$0000000A)
    _main_init                               0x080000f5   Thumb Code     0  entry9a.o(.ARM.Collect$$$$0000000B)
    __rt_final_cpp                           0x080000fd   Thumb Code     0  entry10a.o(.ARM.Collect$$$$0000000D)
    __rt_final_exit                          0x080000fd   Thumb Code     0  entry11a.o(.ARM.Collect$$$$0000000F)
    Reset_Handler                            0x08000101   Thumb Code     8  startup_stm32f10x_md.o(.text)
    ADC1_2_IRQHandler                        0x0800011b   Thumb Code     0  startup_stm32f10x_md.o(.text)
    CAN1_RX1_IRQHandler                      0x0800011b   Thumb Code     0  startup_stm32f10x_md.o(.text)
    CAN1_SCE_IRQHandler                      0x0800011b   Thumb Code     0  startup_stm32f10x_md.o(.text)
    DMA1_Channel1_IRQHandler                 0x0800011b   Thumb Code     0  startup_stm32f10x_md.o(.text)
    DMA1_Channel2_IRQHandler                 0x0800011b   Thumb Code     0  startup_stm32f10x_md.o(.text)
    DMA1_Channel3_IRQHandler                 0x0800011b   Thumb Code     0  startup_stm32f10x_md.o(.text)
    DMA1_Channel4_IRQHandler                 0x0800011b   Thumb Code     0  startup_stm32f10x_md.o(.text)
    DMA1_Channel5_IRQHandler                 0x0800011b   Thumb Code     0  startup_stm32f10x_md.o(.text)
    DMA1_Channel6_IRQHandler                 0x0800011b   Thumb Code     0  startup_stm32f10x_md.o(.text)
    DMA1_Channel7_IRQHandler                 0x0800011b   Thumb Code     0  startup_stm32f10x_md.o(.text)
    EXTI0_IRQHandler                         0x0800011b   Thumb Code     0  startup_stm32f10x_md.o(.text)
    EXTI15_10_IRQHandler                     0x0800011b   Thumb Code     0  startup_stm32f10x_md.o(.text)
    EXTI1_IRQHandler                         0x0800011b   Thumb Code     0  startup_stm32f10x_md.o(.text)
    EXTI2_IRQHandler                         0x0800011b   Thumb Code     0  startup_stm32f10x_md.o(.text)
    EXTI3_IRQHandler                         0x0800011b   Thumb Code     0  startup_stm32f10x_md.o(.text)
    EXTI4_IRQHandler                         0x0800011b   Thumb Code     0  startup_stm32f10x_md.o(.text)
    EXTI9_5_IRQHandler                       0x0800011b   Thumb Code     0  startup_stm32f10x_md.o(.text)
    FLASH_IRQHandler                         0x0800011b   Thumb Code     0  startup_stm32f10x_md.o(.text)
    I2C1_ER_IRQHandler                       0x0800011b   Thumb Code     0  startup_stm32f10x_md.o(.text)
    I2C1_EV_IRQHandler                       0x0800011b   Thumb Code     0  startup_stm32f10x_md.o(.text)
    I2C2_ER_IRQHandler                       0x0800011b   Thumb Code     0  startup_stm32f10x_md.o(.text)
    I2C2_EV_IRQHandler                       0x0800011b   Thumb Code     0  startup_stm32f10x_md.o(.text)
    PVD_IRQHandler                           0x0800011b   Thumb Code     0  startup_stm32f10x_md.o(.text)
    RCC_IRQHandler                           0x0800011b   Thumb Code     0  startup_stm32f10x_md.o(.text)
    RTCAlarm_IRQHandler                      0x0800011b   Thumb Code     0  startup_stm32f10x_md.o(.text)
    RTC_IRQHandler                           0x0800011b   Thumb Code     0  startup_stm32f10x_md.o(.text)
    SPI1_IRQHandler                          0x0800011b   Thumb Code     0  startup_stm32f10x_md.o(.text)
    SPI2_IRQHandler                          0x0800011b   Thumb Code     0  startup_stm32f10x_md.o(.text)
    TAMPER_IRQHandler                        0x0800011b   Thumb Code     0  startup_stm32f10x_md.o(.text)
    TIM1_BRK_IRQHandler                      0x0800011b   Thumb Code     0  startup_stm32f10x_md.o(.text)
    TIM1_CC_IRQHandler                       0x0800011b   Thumb Code     0  startup_stm32f10x_md.o(.text)
    TIM1_TRG_COM_IRQHandler                  0x0800011b   Thumb Code     0  startup_stm32f10x_md.o(.text)
    TIM1_UP_IRQHandler                       0x0800011b   Thumb Code     0  startup_stm32f10x_md.o(.text)
    TIM2_IRQHandler                          0x0800011b   Thumb Code     0  startup_stm32f10x_md.o(.text)
    TIM3_IRQHandler                          0x0800011b   Thumb Code     0  startup_stm32f10x_md.o(.text)
    TIM4_IRQHandler                          0x0800011b   Thumb Code     0  startup_stm32f10x_md.o(.text)
    USART3_IRQHandler                        0x0800011b   Thumb Code     0  startup_stm32f10x_md.o(.text)
    USBWakeUp_IRQHandler                     0x0800011b   Thumb Code     0  startup_stm32f10x_md.o(.text)
    USB_HP_CAN1_TX_IRQHandler                0x0800011b   Thumb Code     0  startup_stm32f10x_md.o(.text)
    USB_LP_CAN1_RX0_IRQHandler               0x0800011b   Thumb Code     0  startup_stm32f10x_md.o(.text)
    WWDG_IRQHandler                          0x0800011b   Thumb Code     0  startup_stm32f10x_md.o(.text)
    tolower                                  0x08000125   Thumb Code    12  tolower.o(.text)
    __aeabi_memcpy                           0x08000131   Thumb Code    36  memcpya.o(.text)
    __aeabi_memcpy4                          0x08000131   Thumb Code     0  memcpya.o(.text)
    __aeabi_memcpy8                          0x08000131   Thumb Code     0  memcpya.o(.text)
    __aeabi_memset                           0x08000155   Thumb Code    14  memseta.o(.text)
    __aeabi_memset4                          0x08000155   Thumb Code     0  memseta.o(.text)
    __aeabi_memset8                          0x08000155   Thumb Code     0  memseta.o(.text)
    __aeabi_memclr                           0x08000163   Thumb Code     4  memseta.o(.text)
    __aeabi_memclr4                          0x08000163   Thumb Code     0  memseta.o(.text)
    __aeabi_memclr8                          0x08000163   Thumb Code     0  memseta.o(.text)
    _memset$wrapper                          0x08000167   Thumb Code    18  memseta.o(.text)
    strcat                                   0x08000179   Thumb Code    24  strcat.o(.text)
    strstr                                   0x08000191   Thumb Code    36  strstr.o(.text)
    strchr                                   0x080001b5   Thumb Code    20  strchr.o(.text)
    strlen                                   0x080001c9   Thumb Code    14  strlen.o(.text)
    strcmp                                   0x080001d7   Thumb Code    28  strcmp.o(.text)
    strncat                                  0x080001f3   Thumb Code    40  strncat.o(.text)
    strncmp                                  0x0800021b   Thumb Code    30  strncmp.o(.text)
    __aeabi_fadd                             0x08000239   Thumb Code   164  fadd.o(.text)
    __aeabi_fsub                             0x080002dd   Thumb Code     6  fadd.o(.text)
    __aeabi_frsub                            0x080002e3   Thumb Code     6  fadd.o(.text)
    __aeabi_fmul                             0x080002e9   Thumb Code   100  fmul.o(.text)
    __aeabi_fdiv                             0x0800034d   Thumb Code   124  fdiv.o(.text)
    __aeabi_dadd                             0x080003c9   Thumb Code   322  dadd.o(.text)
    __aeabi_dsub                             0x0800050b   Thumb Code     6  dadd.o(.text)
    __aeabi_drsub                            0x08000511   Thumb Code     6  dadd.o(.text)
    __aeabi_dmul                             0x08000517   Thumb Code   228  dmul.o(.text)
    __aeabi_ddiv                             0x080005fb   Thumb Code   222  ddiv.o(.text)
    __aeabi_i2f                              0x080006d9   Thumb Code    18  fflti.o(.text)
    __aeabi_ui2f                             0x080006eb   Thumb Code    10  ffltui.o(.text)
    __aeabi_i2d                              0x080006f5   Thumb Code    34  dflti.o(.text)
    __aeabi_ui2d                             0x08000717   Thumb Code    26  dfltui.o(.text)
    __aeabi_d2iz                             0x08000731   Thumb Code    62  dfixi.o(.text)
    __aeabi_d2uiz                            0x0800076f   Thumb Code    50  dfixui.o(.text)
    __aeabi_f2d                              0x080007a1   Thumb Code    38  f2d.o(.text)
    __aeabi_cdcmpeq                          0x080007c9   Thumb Code     0  cdcmple.o(.text)
    __aeabi_cdcmple                          0x080007c9   Thumb Code    48  cdcmple.o(.text)
    __aeabi_cdrcmple                         0x080007f9   Thumb Code    48  cdrcmple.o(.text)
    __aeabi_cfcmpeq                          0x08000829   Thumb Code     0  cfcmple.o(.text)
    __aeabi_cfcmple                          0x08000829   Thumb Code    20  cfcmple.o(.text)
    __aeabi_uidiv                            0x0800083d   Thumb Code     0  uidiv.o(.text)
    __aeabi_uidivmod                         0x0800083d   Thumb Code    44  uidiv.o(.text)
    __aeabi_uldivmod                         0x08000869   Thumb Code    98  uldiv.o(.text)
    __aeabi_llsl                             0x080008cb   Thumb Code    30  llshl.o(.text)
    _ll_shift_l                              0x080008cb   Thumb Code     0  llshl.o(.text)
    __aeabi_llsr                             0x080008e9   Thumb Code    32  llushr.o(.text)
    _ll_ushift_r                             0x080008e9   Thumb Code     0  llushr.o(.text)
    __aeabi_lasr                             0x08000909   Thumb Code    36  llsshr.o(.text)
    _ll_sshift_r                             0x08000909   Thumb Code     0  llsshr.o(.text)
    __I$use$fp                               0x0800092d   Thumb Code     0  iusefp.o(.text)
    _float_round                             0x0800092d   Thumb Code    18  fepilogue.o(.text)
    _float_epilogue                          0x0800093f   Thumb Code    92  fepilogue.o(.text)
    _double_round                            0x0800099b   Thumb Code    30  depilogue.o(.text)
    _double_epilogue                         0x080009b9   Thumb Code   156  depilogue.o(.text)
    __ARM_scalbn                             0x08000a55   Thumb Code    46  dscalb.o(.text)
    scalbn                                   0x08000a55   Thumb Code     0  dscalb.o(.text)
    _drnd                                    0x08000a85   Thumb Code   132  drnd.o(.text)
    __aeabi_d2ulz                            0x08000b0d   Thumb Code    48  dfixul.o(.text)
    __scatterload                            0x08000b3d   Thumb Code    28  init.o(.text)
    __scatterload_rt2                        0x08000b3d   Thumb Code     0  init.o(.text)
    _dsqrt                                   0x08000b61   Thumb Code   162  dsqrt.o(.text)
    AD2_Init                                 0x08000c05   Thumb Code   286  adc2.o(i.AD2_Init)
    ADC_Cmd                                  0x08000d39   Thumb Code    22  stm32f10x_adc.o(i.ADC_Cmd)
    ADC_DMACmd                               0x08000d4f   Thumb Code    22  stm32f10x_adc.o(i.ADC_DMACmd)
    ADC_GetCalibrationStatus                 0x08000d65   Thumb Code    20  stm32f10x_adc.o(i.ADC_GetCalibrationStatus)
    ADC_GetResetCalibrationStatus            0x08000d79   Thumb Code    20  stm32f10x_adc.o(i.ADC_GetResetCalibrationStatus)
    ADC_Get_Values                           0x08000d8d   Thumb Code     4  adc2.o(i.ADC_Get_Values)
    ADC_Init                                 0x08000d95   Thumb Code    70  stm32f10x_adc.o(i.ADC_Init)
    ADC_RegularChannelConfig                 0x08000de5   Thumb Code   184  stm32f10x_adc.o(i.ADC_RegularChannelConfig)
    ADC_ResetCalibration                     0x08000e9d   Thumb Code    10  stm32f10x_adc.o(i.ADC_ResetCalibration)
    ADC_SoftwareStartConvCmd                 0x08000ea7   Thumb Code    22  stm32f10x_adc.o(i.ADC_SoftwareStartConvCmd)
    ADC_StartCalibration                     0x08000ebd   Thumb Code    10  stm32f10x_adc.o(i.ADC_StartCalibration)
    AutoControl_Handler                      0x08000ec9   Thumb Code   276  common_types.o(i.AutoControl_Handler)
    BASE64_Decode                            0x08001065   Thumb Code   360  base64.o(i.BASE64_Decode)
    BASE64_Encode                            0x080011d1   Thumb Code   320  base64.o(i.BASE64_Encode)
    BUZZER_Init                              0x08001315   Thumb Code    48  buzzer.o(i.BUZZER_Init)
    BusFault_Handler                         0x08001349   Thumb Code     4  stm32f10x_it.o(i.BusFault_Handler)
    Buzzer_GetStatus                         0x0800134d   Thumb Code    22  buzzer.o(i.Buzzer_GetStatus)
    Buzzer_OFF                               0x08001369   Thumb Code    14  buzzer.o(i.Buzzer_OFF)
    Buzzer_ON                                0x0800137d   Thumb Code    14  buzzer.o(i.Buzzer_ON)
    DMA_Cmd                                  0x08001391   Thumb Code    24  stm32f10x_dma.o(i.DMA_Cmd)
    DMA_Init                                 0x080013a9   Thumb Code    60  stm32f10x_dma.o(i.DMA_Init)
    DebugMon_Handler                         0x080013e5   Thumb Code     2  stm32f10x_it.o(i.DebugMon_Handler)
    Delay_ms                                 0x080013e7   Thumb Code    24  delay.o(i.Delay_ms)
    Delay_us                                 0x080013ff   Thumb Code    46  delay.o(i.Delay_us)
    ESP8266_Clear                            0x0800142d   Thumb Code    20  esp8266.o(i.ESP8266_Clear)
    ESP8266_GetIPD                           0x08001449   Thumb Code    68  esp8266.o(i.ESP8266_GetIPD)
    ESP8266_Init                             0x08001499   Thumb Code   204  esp8266.o(i.ESP8266_Init)
    ESP8266_SendCmd                          0x08001609   Thumb Code    76  esp8266.o(i.ESP8266_SendCmd)
    ESP8266_SendData                         0x0800165d   Thumb Code    46  esp8266.o(i.ESP8266_SendData)
    ESP8266_WaitRecive                       0x080016a5   Thumb Code    42  esp8266.o(i.ESP8266_WaitRecive)
    GPIO_Init                                0x080016d9   Thumb Code   278  stm32f10x_gpio.o(i.GPIO_Init)
    GPIO_ReadInputDataBit                    0x080017ef   Thumb Code    18  stm32f10x_gpio.o(i.GPIO_ReadInputDataBit)
    GPIO_ReadOutputDataBit                   0x08001801   Thumb Code    18  stm32f10x_gpio.o(i.GPIO_ReadOutputDataBit)
    GPIO_ResetBits                           0x08001813   Thumb Code     4  stm32f10x_gpio.o(i.GPIO_ResetBits)
    GPIO_SetBits                             0x08001817   Thumb Code     4  stm32f10x_gpio.o(i.GPIO_SetBits)
    GPIO_WriteBit                            0x0800181b   Thumb Code    10  stm32f10x_gpio.o(i.GPIO_WriteBit)
    GetModeString                            0x08001825   Thumb Code    38  common_types.o(i.GetModeString)
    GetSettingString                         0x08001889   Thumb Code    38  common_types.o(i.GetSettingString)
    HandleSettingIncrement                   0x080018e5   Thumb Code    88  key_handler.o(i.HandleSettingIncrement)
    HandleSettingReduce                      0x0800193d   Thumb Code    88  key_handler.o(i.HandleSettingReduce)
    HardFault_Handler                        0x08001995   Thumb Code     4  stm32f10x_it.o(i.HardFault_Handler)
    Hardware_Init                            0x08001999   Thumb Code   108  common_types.o(i.Hardware_Init)
    KEY_HandleKeyEvent                       0x08001a3d   Thumb Code    60  key_handler.o(i.KEY_HandleKeyEvent)
    KEY_ProcessConfirm                       0x08001a79   Thumb Code    70  key_handler.o(i.KEY_ProcessConfirm)
    KEY_ProcessDown                          0x08001aed   Thumb Code    62  key_handler.o(i.KEY_ProcessDown)
    KEY_ProcessMode                          0x08001b55   Thumb Code    62  key_handler.o(i.KEY_ProcessMode)
    KEY_ProcessUp                            0x08001bb9   Thumb Code    62  key_handler.o(i.KEY_ProcessUp)
    KEY_Scan                                 0x08001c21   Thumb Code   224  key.o(i.KEY_Scan)
    Key_Init                                 0x08001d09   Thumb Code    40  key.o(i.Key_Init)
    LED_GetStatus                            0x08001d35   Thumb Code    22  led.o(i.LED_GetStatus)
    LED_Init                                 0x08001d51   Thumb Code    68  led.o(i.LED_Init)
    MQTT_DeleteBuffer                        0x08001d99   Thumb Code    28  mqttkit.o(i.MQTT_DeleteBuffer)
    MQTT_DumpLength                          0x08001db5   Thumb Code    46  mqttkit.o(i.MQTT_DumpLength)
    MQTT_NewBuffer                           0x08001de3   Thumb Code    88  mqttkit.o(i.MQTT_NewBuffer)
    MQTT_PacketCmdResp                       0x08001e3d   Thumb Code   132  mqttkit.o(i.MQTT_PacketCmdResp)
    MQTT_PacketConnect                       0x08001ec9   Thumb Code   666  mqttkit.o(i.MQTT_PacketConnect)
    MQTT_PacketPublish                       0x08002169   Thumb Code   440  mqttkit.o(i.MQTT_PacketPublish)
    MQTT_PacketPublishComp                   0x08002321   Thumb Code    72  mqttkit.o(i.MQTT_PacketPublishComp)
    MQTT_PacketPublishRel                    0x08002369   Thumb Code    72  mqttkit.o(i.MQTT_PacketPublishRel)
    MQTT_PacketSubscribe                     0x080023b1   Thumb Code   254  mqttkit.o(i.MQTT_PacketSubscribe)
    MQTT_ReadLength                          0x080024af   Thumb Code    70  mqttkit.o(i.MQTT_ReadLength)
    MQTT_UnPacketCmd                         0x080024f5   Thumb Code   140  mqttkit.o(i.MQTT_UnPacketCmd)
    MQTT_UnPacketConnectAck                  0x08002581   Thumb Code    30  mqttkit.o(i.MQTT_UnPacketConnectAck)
    MQTT_UnPacketPublish                     0x080025a1   Thumb Code   438  mqttkit.o(i.MQTT_UnPacketPublish)
    MQTT_UnPacketPublishAck                  0x08002761   Thumb Code    30  mqttkit.o(i.MQTT_UnPacketPublishAck)
    MQTT_UnPacketPublishComp                 0x0800277f   Thumb Code    30  mqttkit.o(i.MQTT_UnPacketPublishComp)
    MQTT_UnPacketPublishRec                  0x0800279d   Thumb Code    30  mqttkit.o(i.MQTT_UnPacketPublishRec)
    MQTT_UnPacketPublishRel                  0x080027bb   Thumb Code    36  mqttkit.o(i.MQTT_UnPacketPublishRel)
    MQTT_UnPacketRecv                        0x080027e1   Thumb Code   106  mqttkit.o(i.MQTT_UnPacketRecv)
    MQTT_UnPacketSubscribe                   0x08002855   Thumb Code    52  mqttkit.o(i.MQTT_UnPacketSubscribe)
    MQTT_UnPacketUnSubscribe                 0x08002889   Thumb Code    18  mqttkit.o(i.MQTT_UnPacketUnSubscribe)
    MemManage_Handler                        0x0800289b   Thumb Code     4  stm32f10x_it.o(i.MemManage_Handler)
    Motor_Init                               0x080028a1   Thumb Code    34  motor.o(i.Motor_Init)
    Motor_Speed                              0x080028c9   Thumb Code    58  motor.o(i.Motor_Speed)
    MyI2C_Init                               0x08002909   Thumb Code    50  myi2c.o(i.MyI2C_Init)
    MyI2C_R_SDA                              0x08002941   Thumb Code    24  myi2c.o(i.MyI2C_R_SDA)
    MyI2C_ReceiveAck                         0x0800295d   Thumb Code    30  myi2c.o(i.MyI2C_ReceiveAck)
    MyI2C_ReceiveByte                        0x0800297b   Thumb Code    52  myi2c.o(i.MyI2C_ReceiveByte)
    MyI2C_SendAck                            0x080029af   Thumb Code    24  myi2c.o(i.MyI2C_SendAck)
    MyI2C_SendByte                           0x080029c7   Thumb Code    42  myi2c.o(i.MyI2C_SendByte)
    MyI2C_Start                              0x080029f1   Thumb Code    28  myi2c.o(i.MyI2C_Start)
    MyI2C_Stop                               0x08002a0d   Thumb Code    22  myi2c.o(i.MyI2C_Stop)
    MyI2C_W_SCL                              0x08002a25   Thumb Code    24  myi2c.o(i.MyI2C_W_SCL)
    MyI2C_W_SDA                              0x08002a41   Thumb Code    24  myi2c.o(i.MyI2C_W_SDA)
    NMI_Handler                              0x08002a5d   Thumb Code     2  stm32f10x_it.o(i.NMI_Handler)
    NVIC_Init                                0x08002a61   Thumb Code   100  misc.o(i.NVIC_Init)
    NVIC_PriorityGroupConfig                 0x08002ad1   Thumb Code    10  misc.o(i.NVIC_PriorityGroupConfig)
    Network_Init                             0x08002ae5   Thumb Code   130  platform_handler.o(i.Network_Init)
    Network_UploadData                       0x08002c05   Thumb Code   120  platform_handler.o(i.Network_UploadData)
    OLED_Clear                               0x08002c95   Thumb Code    36  oled.o(i.OLED_Clear)
    OLED_ClearArea                           0x08002cbd   Thumb Code   140  oled.o(i.OLED_ClearArea)
    OLED_Display_Auto                        0x08002d4d   Thumb Code   368  oled_handler.o(i.OLED_Display_Auto)
    OLED_Display_Default                     0x08002f0d   Thumb Code   406  oled_handler.o(i.OLED_Display_Default)
    OLED_Display_Manual                      0x08003121   Thumb Code   238  oled_handler.o(i.OLED_Display_Manual)
    OLED_Display_Platform                    0x08003255   Thumb Code   322  oled_handler.o(i.OLED_Display_Platform)
    OLED_Display_Setting                     0x080033fd   Thumb Code   238  oled_handler.o(i.OLED_Display_Setting)
    OLED_DrawLine                            0x08003535   Thumb Code   374  oled.o(i.OLED_DrawLine)
    OLED_DrawPoint                           0x080036ad   Thumb Code    76  oled.o(i.OLED_DrawPoint)
    OLED_GPIO_Init                           0x080036fd   Thumb Code    92  oled.o(i.OLED_GPIO_Init)
    OLED_I2C_SendByte                        0x0800375d   Thumb Code    62  oled.o(i.OLED_I2C_SendByte)
    OLED_I2C_Start                           0x0800379b   Thumb Code    28  oled.o(i.OLED_I2C_Start)
    OLED_I2C_Stop                            0x080037b7   Thumb Code    22  oled.o(i.OLED_I2C_Stop)
    OLED_Init                                0x080037cd   Thumb Code   154  oled.o(i.OLED_Init)
    OLED_Pow                                 0x08003867   Thumb Code    20  oled.o(i.OLED_Pow)
    OLED_SetCursor                           0x0800387b   Thumb Code    34  oled.o(i.OLED_SetCursor)
    OLED_ShowChar                            0x0800389d   Thumb Code    74  oled.o(i.OLED_ShowChar)
    OLED_ShowFloatNum                        0x080038f1   Thumb Code   210  oled.o(i.OLED_ShowFloatNum)
    OLED_ShowImage                           0x080039c5   Thumb Code   248  oled.o(i.OLED_ShowImage)
    OLED_ShowNum                             0x08003ac1   Thumb Code    76  oled.o(i.OLED_ShowNum)
    OLED_ShowString                          0x08003b0d   Thumb Code   262  oled.o(i.OLED_ShowString)
    OLED_Switch                              0x08003c1d   Thumb Code    66  oled_handler.o(i.OLED_Switch)
    OLED_Update                              0x08003c61   Thumb Code    36  oled.o(i.OLED_Update)
    OLED_W_SCL                               0x08003c89   Thumb Code    18  oled.o(i.OLED_W_SCL)
    OLED_W_SDA                               0x08003ca1   Thumb Code    18  oled.o(i.OLED_W_SDA)
    OLED_WriteCommand                        0x08003cb9   Thumb Code    32  oled.o(i.OLED_WriteCommand)
    OLED_WriteData                           0x08003cd9   Thumb Code    46  oled.o(i.OLED_WriteData)
    OneNET_Publish                           0x08003fbd   Thumb Code    86  onenet.o(i.OneNET_Publish)
    OneNet_DevLink                           0x08004039   Thumb Code   242  onenet.o(i.OneNet_DevLink)
    OneNet_RevPro                            0x080042b9   Thumb Code   702  onenet.o(i.OneNet_RevPro)
    OneNet_Subscribe                         0x080047b1   Thumb Code    80  onenet.o(i.OneNet_Subscribe)
    PB7_PowerPath                            0x0800481d   Thumb Code    32  common_types.o(i.PB7_PowerPath)
    PWM_Init                                 0x08004841   Thumb Code   144  pwm.o(i.PWM_Init)
    PWM_SetCompare1                          0x080048d5   Thumb Code    16  pwm.o(i.PWM_SetCompare1)
    PendSV_Handler                           0x080048e5   Thumb Code     2  stm32f10x_it.o(i.PendSV_Handler)
    PlatformMode_Handler                     0x080048e9   Thumb Code    42  platform_handler.o(i.PlatformMode_Handler)
    PrintSettingStatus                       0x08004931   Thumb Code   116  common_types.o(i.PrintSettingStatus)
    PrintSystemStatus                        0x08004a59   Thumb Code   122  common_types.o(i.PrintSystemStatus)
    RCC_ADCCLKConfig                         0x08004be5   Thumb Code    18  stm32f10x_rcc.o(i.RCC_ADCCLKConfig)
    RCC_AHBPeriphClockCmd                    0x08004bfd   Thumb Code    26  stm32f10x_rcc.o(i.RCC_AHBPeriphClockCmd)
    RCC_APB1PeriphClockCmd                   0x08004c1d   Thumb Code    26  stm32f10x_rcc.o(i.RCC_APB1PeriphClockCmd)
    RCC_APB2PeriphClockCmd                   0x08004c3d   Thumb Code    26  stm32f10x_rcc.o(i.RCC_APB2PeriphClockCmd)
    RCC_GetClocksFreq                        0x08004c5d   Thumb Code   192  stm32f10x_rcc.o(i.RCC_GetClocksFreq)
    SHT30_Init                               0x08004d31   Thumb Code    72  sht30.o(i.SHT30_Init)
    SHT30_ReadData                           0x08004d79   Thumb Code   220  sht30.o(i.SHT30_ReadData)
    SVC_Handler                              0x08004e65   Thumb Code     2  stm32f10x_it.o(i.SVC_Handler)
    Sensors_ReadAndPrint                     0x08004e67   Thumb Code    62  sensors.o(i.Sensors_ReadAndPrint)
    Sensors_UpdateAll                        0x08004ea5   Thumb Code    44  sensors.o(i.Sensors_UpdateAll)
    StateMachine_Control                     0x08004fd1   Thumb Code   260  common_types.o(i.StateMachine_Control)
    SysTick_Handler                          0x08005161   Thumb Code     2  stm32f10x_it.o(i.SysTick_Handler)
    SystemInit                               0x08005165   Thumb Code    78  system_stm32f10x.o(i.SystemInit)
    TIM_Cmd                                  0x080051c5   Thumb Code    24  stm32f10x_tim.o(i.TIM_Cmd)
    TIM_InternalClockConfig                  0x080051dd   Thumb Code    12  stm32f10x_tim.o(i.TIM_InternalClockConfig)
    TIM_OC1Init                              0x080051e9   Thumb Code   132  stm32f10x_tim.o(i.TIM_OC1Init)
    TIM_OCStructInit                         0x08005281   Thumb Code    20  stm32f10x_tim.o(i.TIM_OCStructInit)
    TIM_SetCompare1                          0x08005295   Thumb Code     4  stm32f10x_tim.o(i.TIM_SetCompare1)
    TIM_TimeBaseInit                         0x08005299   Thumb Code   122  stm32f10x_tim.o(i.TIM_TimeBaseInit)
    USART1_IRQHandler                        0x0800533d   Thumb Code    24  usart.o(i.USART1_IRQHandler)
    USART2_IRQHandler                        0x08005359   Thumb Code    64  esp8266.o(i.USART2_IRQHandler)
    USART_ClearFlag                          0x080053a5   Thumb Code    18  stm32f10x_usart.o(i.USART_ClearFlag)
    USART_Cmd                                0x080053b7   Thumb Code    24  stm32f10x_usart.o(i.USART_Cmd)
    USART_GetFlagStatus                      0x080053cf   Thumb Code    26  stm32f10x_usart.o(i.USART_GetFlagStatus)
    USART_GetITStatus                        0x080053e9   Thumb Code    84  stm32f10x_usart.o(i.USART_GetITStatus)
    USART_ITConfig                           0x0800543d   Thumb Code    74  stm32f10x_usart.o(i.USART_ITConfig)
    USART_Init                               0x08005489   Thumb Code   210  stm32f10x_usart.o(i.USART_Init)
    USART_SendData                           0x08005561   Thumb Code     8  stm32f10x_usart.o(i.USART_SendData)
    UsageFault_Handler                       0x08005569   Thumb Code     4  stm32f10x_it.o(i.UsageFault_Handler)
    Usart1_Init                              0x0800556d   Thumb Code   166  usart.o(i.Usart1_Init)
    Usart2_Init                              0x0800561d   Thumb Code   162  usart.o(i.Usart2_Init)
    UsartPrintf                              0x080056c9   Thumb Code    72  usart.o(i.UsartPrintf)
    Usart_SendString                         0x08005711   Thumb Code    50  usart.o(i.Usart_SendString)
    __0snprintf                              0x08005745   Thumb Code    44  printfa.o(i.__0snprintf)
    __1snprintf                              0x08005745   Thumb Code     0  printfa.o(i.__0snprintf)
    __2snprintf                              0x08005745   Thumb Code     0  printfa.o(i.__0snprintf)
    __c89snprintf                            0x08005745   Thumb Code     0  printfa.o(i.__0snprintf)
    snprintf                                 0x08005745   Thumb Code     0  printfa.o(i.__0snprintf)
    __0sprintf                               0x08005775   Thumb Code    34  printfa.o(i.__0sprintf)
    __1sprintf                               0x08005775   Thumb Code     0  printfa.o(i.__0sprintf)
    __2sprintf                               0x08005775   Thumb Code     0  printfa.o(i.__0sprintf)
    __c89sprintf                             0x08005775   Thumb Code     0  printfa.o(i.__0sprintf)
    sprintf                                  0x08005775   Thumb Code     0  printfa.o(i.__0sprintf)
    __0vsnprintf                             0x0800579d   Thumb Code    40  printfa.o(i.__0vsnprintf)
    __1vsnprintf                             0x0800579d   Thumb Code     0  printfa.o(i.__0vsnprintf)
    __2vsnprintf                             0x0800579d   Thumb Code     0  printfa.o(i.__0vsnprintf)
    __c89vsnprintf                           0x0800579d   Thumb Code     0  printfa.o(i.__0vsnprintf)
    vsnprintf                                0x0800579d   Thumb Code     0  printfa.o(i.__0vsnprintf)
    __ARM_fpclassify                         0x080057c9   Thumb Code    40  fpclassify.o(i.__ARM_fpclassify)
    __kernel_poly                            0x080057f1   Thumb Code   170  poly.o(i.__kernel_poly)
    __mathlib_dbl_divzero                    0x0800589d   Thumb Code    12  dunder.o(i.__mathlib_dbl_divzero)
    __mathlib_dbl_infnan2                    0x080058ad   Thumb Code     4  dunder.o(i.__mathlib_dbl_infnan2)
    __mathlib_dbl_invalid                    0x080058b1   Thumb Code    12  dunder.o(i.__mathlib_dbl_invalid)
    __mathlib_dbl_overflow                   0x080058bd   Thumb Code    14  dunder.o(i.__mathlib_dbl_overflow)
    __mathlib_dbl_underflow                  0x080058cd   Thumb Code    10  dunder.o(i.__mathlib_dbl_underflow)
    __scatterload_copy                       0x080058dd   Thumb Code    14  handlers.o(i.__scatterload_copy)
    __scatterload_null                       0x080058eb   Thumb Code     2  handlers.o(i.__scatterload_null)
    __scatterload_zeroinit                   0x080058ed   Thumb Code    14  handlers.o(i.__scatterload_zeroinit)
    __set_errno                              0x080058fd   Thumb Code     6  errno.o(i.__set_errno)
    cJSON_Delete                             0x080061dd   Thumb Code    82  cjson.o(i.cJSON_Delete)
    cJSON_GetObjectItem                      0x08006235   Thumb Code    30  cjson.o(i.cJSON_GetObjectItem)
    cJSON_Parse                              0x08006275   Thumb Code    16  cjson.o(i.cJSON_Parse)
    cJSON_ParseWithOpts                      0x08006285   Thumb Code    96  cjson.o(i.cJSON_ParseWithOpts)
    free                                     0x08006335   Thumb Code    76  malloc.o(i.free)
    ft                                       0x08006385   Thumb Code    76  hmac_sha1.o(i.ft)
    hmac_sha1                                0x080063d1   Thumb Code   330  hmac_sha1.o(i.hmac_sha1)
    k                                        0x0800651d   Thumb Code    34  hmac_sha1.o(i.k)
    main                                     0x08006551   Thumb Code   112  main.o(i.main)
    malloc                                   0x080065e5   Thumb Code    92  malloc.o(i.malloc)
    pow                                      0x08006d69   Thumb Code  2512  pow.o(i.pow)
    rotl                                     0x08007741   Thumb Code    46  hmac_sha1.o(i.rotl)
    round                                    0x08007771   Thumb Code   136  round.o(i.round)
    sha1                                     0x08007805   Thumb Code   632  hmac_sha1.o(i.sha1)
    sqrt                                     0x08007a9b   Thumb Code    76  sqrt.o(i.sqrt)
    OLED_F8x16                               0x08007ae6   Data        1520  oled_data.o(.constdata)
    OLED_F6x8                                0x080080d6   Data         570  oled_data.o(.constdata)
    OLED_CF16x16                             0x08008310   Data        2765  oled_data.o(.constdata)
    Diode                                    0x08008ddd   Data          32  oled_data.o(.constdata)
    devPubTopic                              0x08008ec4   Data          42  platform_handler.o(.constdata)
    __mathlib_zero                           0x08008f78   Data           8  qnan.o(.constdata)
    Region$$Table$$Base                      0x080090ac   Number         0  anon$$obj.o(Region$$Table)
    Region$$Table$$Limit                     0x080090cc   Number         0  anon$$obj.o(Region$$Table)
    CurrentMode                              0x20000014   Data          24  main.o(.data)
    humidity                                 0x2000002c   Data           4  main.o(.data)
    temperature                              0x20000030   Data           4  main.o(.data)
    key_value                                0x20000034   Data           1  main.o(.data)
    AutoControl                              0x20000035   Data           6  main.o(.data)
    mq_values                                0x2000003b   Data           2  main.o(.data)
    dest                                     0x20000040   Data           8  adc2.o(.data)
    esp8266_cnt                              0x2000004c   Data           2  esp8266.o(.data)
    esp8266_cntPre                           0x2000004e   Data           2  esp8266.o(.data)
    devSubTopic                              0x20000060   Data           4  platform_handler.o(.data)
    __microlib_freelist                      0x20000068   Data           4  mvars.o(.data)
    __microlib_freelist_initialised          0x2000006c   Data           4  mvars.o(.data)
    OLED_DisplayBuf                          0x20000074   Data        1024  oled.o(.bss)
    esp8266_buf                              0x20000474   Data         512  esp8266.o(.bss)
    __heap_base                              0x20000678   Data           0  startup_stm32f10x_md.o(HEAP)
    __heap_limit                             0x20000e78   Data           0  startup_stm32f10x_md.o(HEAP)
    __initial_sp                             0x20001e78   Data           0  startup_stm32f10x_md.o(STACK)



==============================================================================

Memory Map of the image

  Image Entry point : 0x080000ed

  Load Region LR_IROM1 (Base: 0x08000000, Size: 0x00009140, Max: 0x00010000, ABSOLUTE)

    Execution Region ER_IROM1 (Exec base: 0x08000000, Load base: 0x08000000, Size: 0x000090cc, Max: 0x00010000, ABSOLUTE)

    Exec Addr    Load Addr    Size         Type   Attr      Idx    E Section Name        Object

    0x08000000   0x08000000   0x000000ec   Data   RO            3    RESET               startup_stm32f10x_md.o
    0x080000ec   0x080000ec   0x00000000   Code   RO         5080  * .ARM.Collect$$$$00000000  mc_w.l(entry.o)
    0x080000ec   0x080000ec   0x00000004   Code   RO         5467    .ARM.Collect$$$$00000001  mc_w.l(entry2.o)
    0x080000f0   0x080000f0   0x00000004   Code   RO         5470    .ARM.Collect$$$$00000004  mc_w.l(entry5.o)
    0x080000f4   0x080000f4   0x00000000   Code   RO         5472    .ARM.Collect$$$$00000008  mc_w.l(entry7b.o)
    0x080000f4   0x080000f4   0x00000000   Code   RO         5474    .ARM.Collect$$$$0000000A  mc_w.l(entry8b.o)
    0x080000f4   0x080000f4   0x00000008   Code   RO         5475    .ARM.Collect$$$$0000000B  mc_w.l(entry9a.o)
    0x080000fc   0x080000fc   0x00000000   Code   RO         5477    .ARM.Collect$$$$0000000D  mc_w.l(entry10a.o)
    0x080000fc   0x080000fc   0x00000000   Code   RO         5479    .ARM.Collect$$$$0000000F  mc_w.l(entry11a.o)
    0x080000fc   0x080000fc   0x00000004   Code   RO         5468    .ARM.Collect$$$$00002712  mc_w.l(entry2.o)
    0x08000100   0x08000100   0x00000024   Code   RO            4    .text               startup_stm32f10x_md.o
    0x08000124   0x08000124   0x0000000c   Code   RO         5083    .text               mc_w.l(tolower.o)
    0x08000130   0x08000130   0x00000024   Code   RO         5085    .text               mc_w.l(memcpya.o)
    0x08000154   0x08000154   0x00000024   Code   RO         5087    .text               mc_w.l(memseta.o)
    0x08000178   0x08000178   0x00000018   Code   RO         5089    .text               mc_w.l(strcat.o)
    0x08000190   0x08000190   0x00000024   Code   RO         5091    .text               mc_w.l(strstr.o)
    0x080001b4   0x080001b4   0x00000014   Code   RO         5093    .text               mc_w.l(strchr.o)
    0x080001c8   0x080001c8   0x0000000e   Code   RO         5095    .text               mc_w.l(strlen.o)
    0x080001d6   0x080001d6   0x0000001c   Code   RO         5097    .text               mc_w.l(strcmp.o)
    0x080001f2   0x080001f2   0x00000028   Code   RO         5099    .text               mc_w.l(strncat.o)
    0x0800021a   0x0800021a   0x0000001e   Code   RO         5103    .text               mc_w.l(strncmp.o)
    0x08000238   0x08000238   0x000000b0   Code   RO         5396    .text               mf_w.l(fadd.o)
    0x080002e8   0x080002e8   0x00000064   Code   RO         5398    .text               mf_w.l(fmul.o)
    0x0800034c   0x0800034c   0x0000007c   Code   RO         5400    .text               mf_w.l(fdiv.o)
    0x080003c8   0x080003c8   0x0000014e   Code   RO         5402    .text               mf_w.l(dadd.o)
    0x08000516   0x08000516   0x000000e4   Code   RO         5404    .text               mf_w.l(dmul.o)
    0x080005fa   0x080005fa   0x000000de   Code   RO         5406    .text               mf_w.l(ddiv.o)
    0x080006d8   0x080006d8   0x00000012   Code   RO         5408    .text               mf_w.l(fflti.o)
    0x080006ea   0x080006ea   0x0000000a   Code   RO         5410    .text               mf_w.l(ffltui.o)
    0x080006f4   0x080006f4   0x00000022   Code   RO         5412    .text               mf_w.l(dflti.o)
    0x08000716   0x08000716   0x0000001a   Code   RO         5414    .text               mf_w.l(dfltui.o)
    0x08000730   0x08000730   0x0000003e   Code   RO         5416    .text               mf_w.l(dfixi.o)
    0x0800076e   0x0800076e   0x00000032   Code   RO         5418    .text               mf_w.l(dfixui.o)
    0x080007a0   0x080007a0   0x00000026   Code   RO         5420    .text               mf_w.l(f2d.o)
    0x080007c6   0x080007c6   0x00000002   PAD
    0x080007c8   0x080007c8   0x00000030   Code   RO         5422    .text               mf_w.l(cdcmple.o)
    0x080007f8   0x080007f8   0x00000030   Code   RO         5424    .text               mf_w.l(cdrcmple.o)
    0x08000828   0x08000828   0x00000014   Code   RO         5428    .text               mf_w.l(cfcmple.o)
    0x0800083c   0x0800083c   0x0000002c   Code   RO         5484    .text               mc_w.l(uidiv.o)
    0x08000868   0x08000868   0x00000062   Code   RO         5486    .text               mc_w.l(uldiv.o)
    0x080008ca   0x080008ca   0x0000001e   Code   RO         5488    .text               mc_w.l(llshl.o)
    0x080008e8   0x080008e8   0x00000020   Code   RO         5490    .text               mc_w.l(llushr.o)
    0x08000908   0x08000908   0x00000024   Code   RO         5492    .text               mc_w.l(llsshr.o)
    0x0800092c   0x0800092c   0x00000000   Code   RO         5503    .text               mc_w.l(iusefp.o)
    0x0800092c   0x0800092c   0x0000006e   Code   RO         5504    .text               mf_w.l(fepilogue.o)
    0x0800099a   0x0800099a   0x000000ba   Code   RO         5506    .text               mf_w.l(depilogue.o)
    0x08000a54   0x08000a54   0x0000002e   Code   RO         5508    .text               mf_w.l(dscalb.o)
    0x08000a82   0x08000a82   0x00000002   PAD
    0x08000a84   0x08000a84   0x00000088   Code   RO         5510    .text               mf_w.l(drnd.o)
    0x08000b0c   0x08000b0c   0x00000030   Code   RO         5512    .text               mf_w.l(dfixul.o)
    0x08000b3c   0x08000b3c   0x00000024   Code   RO         5514    .text               mc_w.l(init.o)
    0x08000b60   0x08000b60   0x000000a2   Code   RO         5518    .text               mf_w.l(dsqrt.o)
    0x08000c02   0x08000c02   0x00000002   PAD
    0x08000c04   0x08000c04   0x00000134   Code   RO         3825    i.AD2_Init          adc2.o
    0x08000d38   0x08000d38   0x00000016   Code   RO          202    i.ADC_Cmd           stm32f10x_adc.o
    0x08000d4e   0x08000d4e   0x00000016   Code   RO          203    i.ADC_DMACmd        stm32f10x_adc.o
    0x08000d64   0x08000d64   0x00000014   Code   RO          210    i.ADC_GetCalibrationStatus  stm32f10x_adc.o
    0x08000d78   0x08000d78   0x00000014   Code   RO          216    i.ADC_GetResetCalibrationStatus  stm32f10x_adc.o
    0x08000d8c   0x08000d8c   0x00000008   Code   RO         3826    i.ADC_Get_Values    adc2.o
    0x08000d94   0x08000d94   0x00000050   Code   RO          220    i.ADC_Init          stm32f10x_adc.o
    0x08000de4   0x08000de4   0x000000b8   Code   RO          224    i.ADC_RegularChannelConfig  stm32f10x_adc.o
    0x08000e9c   0x08000e9c   0x0000000a   Code   RO          225    i.ADC_ResetCalibration  stm32f10x_adc.o
    0x08000ea6   0x08000ea6   0x00000016   Code   RO          227    i.ADC_SoftwareStartConvCmd  stm32f10x_adc.o
    0x08000ebc   0x08000ebc   0x0000000a   Code   RO          229    i.ADC_StartCalibration  stm32f10x_adc.o
    0x08000ec6   0x08000ec6   0x00000002   PAD
    0x08000ec8   0x08000ec8   0x0000019c   Code   RO         3451    i.AutoControl_Handler  common_types.o
    0x08001064   0x08001064   0x0000016c   Code   RO         4174    i.BASE64_Decode     base64.o
    0x080011d0   0x080011d0   0x00000144   Code   RO         4175    i.BASE64_Encode     base64.o
    0x08001314   0x08001314   0x00000034   Code   RO         3735    i.BUZZER_Init       buzzer.o
    0x08001348   0x08001348   0x00000004   Code   RO         3371    i.BusFault_Handler  stm32f10x_it.o
    0x0800134c   0x0800134c   0x0000001c   Code   RO         3736    i.Buzzer_GetStatus  buzzer.o
    0x08001368   0x08001368   0x00000014   Code   RO         3737    i.Buzzer_OFF        buzzer.o
    0x0800137c   0x0800137c   0x00000014   Code   RO         3738    i.Buzzer_ON         buzzer.o
    0x08001390   0x08001390   0x00000018   Code   RO          911    i.DMA_Cmd           stm32f10x_dma.o
    0x080013a8   0x080013a8   0x0000003c   Code   RO          917    i.DMA_Init          stm32f10x_dma.o
    0x080013e4   0x080013e4   0x00000002   Code   RO         3372    i.DebugMon_Handler  stm32f10x_it.o
    0x080013e6   0x080013e6   0x00000018   Code   RO         3557    i.Delay_ms          delay.o
    0x080013fe   0x080013fe   0x0000002e   Code   RO         3559    i.Delay_us          delay.o
    0x0800142c   0x0800142c   0x0000001c   Code   RO         4204    i.ESP8266_Clear     esp8266.o
    0x08001448   0x08001448   0x00000050   Code   RO         4205    i.ESP8266_GetIPD    esp8266.o
    0x08001498   0x08001498   0x00000170   Code   RO         4206    i.ESP8266_Init      esp8266.o
    0x08001608   0x08001608   0x00000054   Code   RO         4207    i.ESP8266_SendCmd   esp8266.o
    0x0800165c   0x0800165c   0x00000048   Code   RO         4208    i.ESP8266_SendData  esp8266.o
    0x080016a4   0x080016a4   0x00000034   Code   RO         4209    i.ESP8266_WaitRecive  esp8266.o
    0x080016d8   0x080016d8   0x00000116   Code   RO         1347    i.GPIO_Init         stm32f10x_gpio.o
    0x080017ee   0x080017ee   0x00000012   Code   RO         1351    i.GPIO_ReadInputDataBit  stm32f10x_gpio.o
    0x08001800   0x08001800   0x00000012   Code   RO         1353    i.GPIO_ReadOutputDataBit  stm32f10x_gpio.o
    0x08001812   0x08001812   0x00000004   Code   RO         1354    i.GPIO_ResetBits    stm32f10x_gpio.o
    0x08001816   0x08001816   0x00000004   Code   RO         1355    i.GPIO_SetBits      stm32f10x_gpio.o
    0x0800181a   0x0800181a   0x0000000a   Code   RO         1358    i.GPIO_WriteBit     stm32f10x_gpio.o
    0x08001824   0x08001824   0x00000064   Code   RO         3453    i.GetModeString     common_types.o
    0x08001888   0x08001888   0x0000005c   Code   RO         3454    i.GetSettingString  common_types.o
    0x080018e4   0x080018e4   0x00000058   Code   RO         4925    i.HandleSettingIncrement  key_handler.o
    0x0800193c   0x0800193c   0x00000058   Code   RO         4926    i.HandleSettingReduce  key_handler.o
    0x08001994   0x08001994   0x00000004   Code   RO         3373    i.HardFault_Handler  stm32f10x_it.o
    0x08001998   0x08001998   0x000000a4   Code   RO         3455    i.Hardware_Init     common_types.o
    0x08001a3c   0x08001a3c   0x0000003c   Code   RO         4927    i.KEY_HandleKeyEvent  key_handler.o
    0x08001a78   0x08001a78   0x00000074   Code   RO         4928    i.KEY_ProcessConfirm  key_handler.o
    0x08001aec   0x08001aec   0x00000068   Code   RO         4929    i.KEY_ProcessDown   key_handler.o
    0x08001b54   0x08001b54   0x00000064   Code   RO         4930    i.KEY_ProcessMode   key_handler.o
    0x08001bb8   0x08001bb8   0x00000068   Code   RO         4931    i.KEY_ProcessUp     key_handler.o
    0x08001c20   0x08001c20   0x000000e8   Code   RO         3692    i.KEY_Scan          key.o
    0x08001d08   0x08001d08   0x0000002c   Code   RO         3693    i.Key_Init          key.o
    0x08001d34   0x08001d34   0x0000001c   Code   RO         3714    i.LED_GetStatus     led.o
    0x08001d50   0x08001d50   0x00000048   Code   RO         3715    i.LED_Init          led.o
    0x08001d98   0x08001d98   0x0000001c   Code   RO         4317    i.MQTT_DeleteBuffer  mqttkit.o
    0x08001db4   0x08001db4   0x0000002e   Code   RO         4318    i.MQTT_DumpLength   mqttkit.o
    0x08001de2   0x08001de2   0x00000058   Code   RO         4319    i.MQTT_NewBuffer    mqttkit.o
    0x08001e3a   0x08001e3a   0x00000002   PAD
    0x08001e3c   0x08001e3c   0x0000008c   Code   RO         4320    i.MQTT_PacketCmdResp  mqttkit.o
    0x08001ec8   0x08001ec8   0x000002a0   Code   RO         4321    i.MQTT_PacketConnect  mqttkit.o
    0x08002168   0x08002168   0x000001b8   Code   RO         4324    i.MQTT_PacketPublish  mqttkit.o
    0x08002320   0x08002320   0x00000048   Code   RO         4326    i.MQTT_PacketPublishComp  mqttkit.o
    0x08002368   0x08002368   0x00000048   Code   RO         4328    i.MQTT_PacketPublishRel  mqttkit.o
    0x080023b0   0x080023b0   0x000000fe   Code   RO         4331    i.MQTT_PacketSubscribe  mqttkit.o
    0x080024ae   0x080024ae   0x00000046   Code   RO         4333    i.MQTT_ReadLength   mqttkit.o
    0x080024f4   0x080024f4   0x0000008c   Code   RO         4334    i.MQTT_UnPacketCmd  mqttkit.o
    0x08002580   0x08002580   0x0000001e   Code   RO         4335    i.MQTT_UnPacketConnectAck  mqttkit.o
    0x0800259e   0x0800259e   0x00000002   PAD
    0x080025a0   0x080025a0   0x000001c0   Code   RO         4336    i.MQTT_UnPacketPublish  mqttkit.o
    0x08002760   0x08002760   0x0000001e   Code   RO         4337    i.MQTT_UnPacketPublishAck  mqttkit.o
    0x0800277e   0x0800277e   0x0000001e   Code   RO         4338    i.MQTT_UnPacketPublishComp  mqttkit.o
    0x0800279c   0x0800279c   0x0000001e   Code   RO         4339    i.MQTT_UnPacketPublishRec  mqttkit.o
    0x080027ba   0x080027ba   0x00000024   Code   RO         4340    i.MQTT_UnPacketPublishRel  mqttkit.o
    0x080027de   0x080027de   0x00000002   PAD
    0x080027e0   0x080027e0   0x00000074   Code   RO         4341    i.MQTT_UnPacketRecv  mqttkit.o
    0x08002854   0x08002854   0x00000034   Code   RO         4342    i.MQTT_UnPacketSubscribe  mqttkit.o
    0x08002888   0x08002888   0x00000012   Code   RO         4343    i.MQTT_UnPacketUnSubscribe  mqttkit.o
    0x0800289a   0x0800289a   0x00000004   Code   RO         3374    i.MemManage_Handler  stm32f10x_it.o
    0x0800289e   0x0800289e   0x00000002   PAD
    0x080028a0   0x080028a0   0x00000028   Code   RO         3807    i.Motor_Init        motor.o
    0x080028c8   0x080028c8   0x00000040   Code   RO         3808    i.Motor_Speed       motor.o
    0x08002908   0x08002908   0x00000038   Code   RO         3620    i.MyI2C_Init        myi2c.o
    0x08002940   0x08002940   0x0000001c   Code   RO         3621    i.MyI2C_R_SDA       myi2c.o
    0x0800295c   0x0800295c   0x0000001e   Code   RO         3622    i.MyI2C_ReceiveAck  myi2c.o
    0x0800297a   0x0800297a   0x00000034   Code   RO         3623    i.MyI2C_ReceiveByte  myi2c.o
    0x080029ae   0x080029ae   0x00000018   Code   RO         3624    i.MyI2C_SendAck     myi2c.o
    0x080029c6   0x080029c6   0x0000002a   Code   RO         3625    i.MyI2C_SendByte    myi2c.o
    0x080029f0   0x080029f0   0x0000001c   Code   RO         3626    i.MyI2C_Start       myi2c.o
    0x08002a0c   0x08002a0c   0x00000016   Code   RO         3627    i.MyI2C_Stop        myi2c.o
    0x08002a22   0x08002a22   0x00000002   PAD
    0x08002a24   0x08002a24   0x0000001c   Code   RO         3628    i.MyI2C_W_SCL       myi2c.o
    0x08002a40   0x08002a40   0x0000001c   Code   RO         3629    i.MyI2C_W_SDA       myi2c.o
    0x08002a5c   0x08002a5c   0x00000002   Code   RO         3375    i.NMI_Handler       stm32f10x_it.o
    0x08002a5e   0x08002a5e   0x00000002   PAD
    0x08002a60   0x08002a60   0x00000070   Code   RO          137    i.NVIC_Init         misc.o
    0x08002ad0   0x08002ad0   0x00000014   Code   RO          138    i.NVIC_PriorityGroupConfig  misc.o
    0x08002ae4   0x08002ae4   0x00000120   Code   RO         5021    i.Network_Init      platform_handler.o
    0x08002c04   0x08002c04   0x00000090   Code   RO         5022    i.Network_UploadData  platform_handler.o
    0x08002c94   0x08002c94   0x00000028   Code   RO         3937    i.OLED_Clear        oled.o
    0x08002cbc   0x08002cbc   0x00000090   Code   RO         3938    i.OLED_ClearArea    oled.o
    0x08002d4c   0x08002d4c   0x000001c0   Code   RO         4976    i.OLED_Display_Auto  oled_handler.o
    0x08002f0c   0x08002f0c   0x00000214   Code   RO         4977    i.OLED_Display_Default  oled_handler.o
    0x08003120   0x08003120   0x00000134   Code   RO         4978    i.OLED_Display_Manual  oled_handler.o
    0x08003254   0x08003254   0x000001a8   Code   RO         4979    i.OLED_Display_Platform  oled_handler.o
    0x080033fc   0x080033fc   0x00000138   Code   RO         4980    i.OLED_Display_Setting  oled_handler.o
    0x08003534   0x08003534   0x00000176   Code   RO         3942    i.OLED_DrawLine     oled.o
    0x080036aa   0x080036aa   0x00000002   PAD
    0x080036ac   0x080036ac   0x00000050   Code   RO         3943    i.OLED_DrawPoint    oled.o
    0x080036fc   0x080036fc   0x00000060   Code   RO         3946    i.OLED_GPIO_Init    oled.o
    0x0800375c   0x0800375c   0x0000003e   Code   RO         3948    i.OLED_I2C_SendByte  oled.o
    0x0800379a   0x0800379a   0x0000001c   Code   RO         3949    i.OLED_I2C_Start    oled.o
    0x080037b6   0x080037b6   0x00000016   Code   RO         3950    i.OLED_I2C_Stop     oled.o
    0x080037cc   0x080037cc   0x0000009a   Code   RO         3951    i.OLED_Init         oled.o
    0x08003866   0x08003866   0x00000014   Code   RO         3953    i.OLED_Pow          oled.o
    0x0800387a   0x0800387a   0x00000022   Code   RO         3957    i.OLED_SetCursor    oled.o
    0x0800389c   0x0800389c   0x00000054   Code   RO         3959    i.OLED_ShowChar     oled.o
    0x080038f0   0x080038f0   0x000000d2   Code   RO         3960    i.OLED_ShowFloatNum  oled.o
    0x080039c2   0x080039c2   0x00000002   PAD
    0x080039c4   0x080039c4   0x000000fc   Code   RO         3962    i.OLED_ShowImage    oled.o
    0x08003ac0   0x08003ac0   0x0000004c   Code   RO         3963    i.OLED_ShowNum      oled.o
    0x08003b0c   0x08003b0c   0x00000110   Code   RO         3965    i.OLED_ShowString   oled.o
    0x08003c1c   0x08003c1c   0x00000042   Code   RO         4981    i.OLED_Switch       oled_handler.o
    0x08003c5e   0x08003c5e   0x00000002   PAD
    0x08003c60   0x08003c60   0x00000028   Code   RO         3966    i.OLED_Update       oled.o
    0x08003c88   0x08003c88   0x00000018   Code   RO         3968    i.OLED_W_SCL        oled.o
    0x08003ca0   0x08003ca0   0x00000018   Code   RO         3969    i.OLED_W_SDA        oled.o
    0x08003cb8   0x08003cb8   0x00000020   Code   RO         3970    i.OLED_WriteCommand  oled.o
    0x08003cd8   0x08003cd8   0x0000002e   Code   RO         3971    i.OLED_WriteData    oled.o
    0x08003d06   0x08003d06   0x00000002   PAD
    0x08003d08   0x08003d08   0x00000118   Code   RO         4501    i.OTA_UrlEncode     onenet.o
    0x08003e20   0x08003e20   0x0000019c   Code   RO         4502    i.OneNET_Authorization  onenet.o
    0x08003fbc   0x08003fbc   0x0000007c   Code   RO         4503    i.OneNET_Publish    onenet.o
    0x08004038   0x08004038   0x00000280   Code   RO         4504    i.OneNet_DevLink    onenet.o
    0x080042b8   0x080042b8   0x000004f8   Code   RO         4506    i.OneNet_RevPro     onenet.o
    0x080047b0   0x080047b0   0x0000006c   Code   RO         4508    i.OneNet_Subscribe  onenet.o
    0x0800481c   0x0800481c   0x00000024   Code   RO         3457    i.PB7_PowerPath     common_types.o
    0x08004840   0x08004840   0x00000094   Code   RO         3774    i.PWM_Init          pwm.o
    0x080048d4   0x080048d4   0x00000010   Code   RO         3775    i.PWM_SetCompare1   pwm.o
    0x080048e4   0x080048e4   0x00000002   Code   RO         3376    i.PendSV_Handler    stm32f10x_it.o
    0x080048e6   0x080048e6   0x00000002   PAD
    0x080048e8   0x080048e8   0x00000048   Code   RO         5023    i.PlatformMode_Handler  platform_handler.o
    0x08004930   0x08004930   0x00000128   Code   RO         3458    i.PrintSettingStatus  common_types.o
    0x08004a58   0x08004a58   0x0000018c   Code   RO         3459    i.PrintSystemStatus  common_types.o
    0x08004be4   0x08004be4   0x00000018   Code   RO         1773    i.RCC_ADCCLKConfig  stm32f10x_rcc.o
    0x08004bfc   0x08004bfc   0x00000020   Code   RO         1774    i.RCC_AHBPeriphClockCmd  stm32f10x_rcc.o
    0x08004c1c   0x08004c1c   0x00000020   Code   RO         1775    i.RCC_APB1PeriphClockCmd  stm32f10x_rcc.o
    0x08004c3c   0x08004c3c   0x00000020   Code   RO         1777    i.RCC_APB2PeriphClockCmd  stm32f10x_rcc.o
    0x08004c5c   0x08004c5c   0x000000d4   Code   RO         1785    i.RCC_GetClocksFreq  stm32f10x_rcc.o
    0x08004d30   0x08004d30   0x00000048   Code   RO         3901    i.SHT30_Init        sht30.o
    0x08004d78   0x08004d78   0x000000ec   Code   RO         3902    i.SHT30_ReadData    sht30.o
    0x08004e64   0x08004e64   0x00000002   Code   RO         3377    i.SVC_Handler       stm32f10x_it.o
    0x08004e66   0x08004e66   0x0000003e   Code   RO         3529    i.Sensors_ReadAndPrint  sensors.o
    0x08004ea4   0x08004ea4   0x00000044   Code   RO         3530    i.Sensors_UpdateAll  sensors.o
    0x08004ee8   0x08004ee8   0x00000008   Code   RO           24    i.SetSysClock       system_stm32f10x.o
    0x08004ef0   0x08004ef0   0x000000e0   Code   RO           25    i.SetSysClockTo72   system_stm32f10x.o
    0x08004fd0   0x08004fd0   0x00000190   Code   RO         3460    i.StateMachine_Control  common_types.o
    0x08005160   0x08005160   0x00000002   Code   RO         3378    i.SysTick_Handler   stm32f10x_it.o
    0x08005162   0x08005162   0x00000002   PAD
    0x08005164   0x08005164   0x00000060   Code   RO           27    i.SystemInit        system_stm32f10x.o
    0x080051c4   0x080051c4   0x00000018   Code   RO         2421    i.TIM_Cmd           stm32f10x_tim.o
    0x080051dc   0x080051dc   0x0000000c   Code   RO         2448    i.TIM_InternalClockConfig  stm32f10x_tim.o
    0x080051e8   0x080051e8   0x00000098   Code   RO         2450    i.TIM_OC1Init       stm32f10x_tim.o
    0x08005280   0x08005280   0x00000014   Code   RO         2468    i.TIM_OCStructInit  stm32f10x_tim.o
    0x08005294   0x08005294   0x00000004   Code   RO         2482    i.TIM_SetCompare1   stm32f10x_tim.o
    0x08005298   0x08005298   0x000000a4   Code   RO         2492    i.TIM_TimeBaseInit  stm32f10x_tim.o
    0x0800533c   0x0800533c   0x0000001c   Code   RO         3852    i.USART1_IRQHandler  usart.o
    0x08005358   0x08005358   0x0000004c   Code   RO         4210    i.USART2_IRQHandler  esp8266.o
    0x080053a4   0x080053a4   0x00000012   Code   RO         2956    i.USART_ClearFlag   stm32f10x_usart.o
    0x080053b6   0x080053b6   0x00000018   Code   RO         2960    i.USART_Cmd         stm32f10x_usart.o
    0x080053ce   0x080053ce   0x0000001a   Code   RO         2963    i.USART_GetFlagStatus  stm32f10x_usart.o
    0x080053e8   0x080053e8   0x00000054   Code   RO         2964    i.USART_GetITStatus  stm32f10x_usart.o
    0x0800543c   0x0800543c   0x0000004a   Code   RO         2966    i.USART_ITConfig    stm32f10x_usart.o
    0x08005486   0x08005486   0x00000002   PAD
    0x08005488   0x08005488   0x000000d8   Code   RO         2967    i.USART_Init        stm32f10x_usart.o
    0x08005560   0x08005560   0x00000008   Code   RO         2977    i.USART_SendData    stm32f10x_usart.o
    0x08005568   0x08005568   0x00000004   Code   RO         3379    i.UsageFault_Handler  stm32f10x_it.o
    0x0800556c   0x0800556c   0x000000b0   Code   RO         3853    i.Usart1_Init       usart.o
    0x0800561c   0x0800561c   0x000000ac   Code   RO         3854    i.Usart2_Init       usart.o
    0x080056c8   0x080056c8   0x00000048   Code   RO         3855    i.UsartPrintf       usart.o
    0x08005710   0x08005710   0x00000032   Code   RO         3856    i.Usart_SendString  usart.o
    0x08005742   0x08005742   0x00000002   PAD
    0x08005744   0x08005744   0x00000030   Code   RO         5341    i.__0snprintf       mc_w.l(printfa.o)
    0x08005774   0x08005774   0x00000028   Code   RO         5342    i.__0sprintf        mc_w.l(printfa.o)
    0x0800579c   0x0800579c   0x0000002c   Code   RO         5345    i.__0vsnprintf      mc_w.l(printfa.o)
    0x080057c8   0x080057c8   0x00000028   Code   RO         5454    i.__ARM_fpclassify  m_ws.l(fpclassify.o)
    0x080057f0   0x080057f0   0x000000aa   Code   RO         5456    i.__kernel_poly     m_ws.l(poly.o)
    0x0800589a   0x0800589a   0x00000002   PAD
    0x0800589c   0x0800589c   0x00000010   Code   RO         5440    i.__mathlib_dbl_divzero  m_ws.l(dunder.o)
    0x080058ac   0x080058ac   0x00000004   Code   RO         5442    i.__mathlib_dbl_infnan2  m_ws.l(dunder.o)
    0x080058b0   0x080058b0   0x0000000c   Code   RO         5443    i.__mathlib_dbl_invalid  m_ws.l(dunder.o)
    0x080058bc   0x080058bc   0x0000000e   Code   RO         5444    i.__mathlib_dbl_overflow  m_ws.l(dunder.o)
    0x080058ca   0x080058ca   0x00000002   PAD
    0x080058cc   0x080058cc   0x00000010   Code   RO         5446    i.__mathlib_dbl_underflow  m_ws.l(dunder.o)
    0x080058dc   0x080058dc   0x0000000e   Code   RO         5522    i.__scatterload_copy  mc_w.l(handlers.o)
    0x080058ea   0x080058ea   0x00000002   Code   RO         5523    i.__scatterload_null  mc_w.l(handlers.o)
    0x080058ec   0x080058ec   0x0000000e   Code   RO         5524    i.__scatterload_zeroinit  mc_w.l(handlers.o)
    0x080058fa   0x080058fa   0x00000002   PAD
    0x080058fc   0x080058fc   0x0000000c   Code   RO         5498    i.__set_errno       mc_w.l(errno.o)
    0x08005908   0x08005908   0x00000184   Code   RO         5347    i._fp_digits        mc_w.l(printfa.o)
    0x08005a8c   0x08005a8c   0x000006dc   Code   RO         5348    i._printf_core      mc_w.l(printfa.o)
    0x08006168   0x08006168   0x00000024   Code   RO         5349    i._printf_post_padding  mc_w.l(printfa.o)
    0x0800618c   0x0800618c   0x0000002e   Code   RO         5350    i._printf_pre_padding  mc_w.l(printfa.o)
    0x080061ba   0x080061ba   0x00000016   Code   RO         5351    i._snputc           mc_w.l(printfa.o)
    0x080061d0   0x080061d0   0x0000000a   Code   RO         5352    i._sputc            mc_w.l(printfa.o)
    0x080061da   0x080061da   0x00000002   PAD
    0x080061dc   0x080061dc   0x00000058   Code   RO         4591    i.cJSON_Delete      cjson.o
    0x08006234   0x08006234   0x0000001e   Code   RO         4600    i.cJSON_GetObjectItem  cjson.o
    0x08006252   0x08006252   0x00000002   PAD
    0x08006254   0x08006254   0x00000020   Code   RO         4604    i.cJSON_New_Item    cjson.o
    0x08006274   0x08006274   0x00000010   Code   RO         4605    i.cJSON_Parse       cjson.o
    0x08006284   0x08006284   0x00000064   Code   RO         4606    i.cJSON_ParseWithOpts  cjson.o
    0x080062e8   0x080062e8   0x0000004c   Code   RO         4612    i.cJSON_strcasecmp  cjson.o
    0x08006334   0x08006334   0x00000050   Code   RO         5368    i.free              mc_w.l(malloc.o)
    0x08006384   0x08006384   0x0000004c   Code   RO         4262    i.ft                hmac_sha1.o
    0x080063d0   0x080063d0   0x0000014a   Code   RO         4263    i.hmac_sha1         hmac_sha1.o
    0x0800651a   0x0800651a   0x00000002   PAD
    0x0800651c   0x0800651c   0x00000034   Code   RO         4264    i.k                 hmac_sha1.o
    0x08006550   0x08006550   0x00000094   Code   RO         3196    i.main              main.o
    0x080065e4   0x080065e4   0x0000006c   Code   RO         5369    i.malloc            mc_w.l(malloc.o)
    0x08006650   0x08006650   0x000000ac   Code   RO         4616    i.parse_array       cjson.o
    0x080066fc   0x080066fc   0x00000114   Code   RO         4617    i.parse_hex4        cjson.o
    0x08006810   0x08006810   0x000001bc   Code   RO         4618    i.parse_number      cjson.o
    0x080069cc   0x080069cc   0x00000114   Code   RO         4619    i.parse_object      cjson.o
    0x08006ae0   0x08006ae0   0x000001cc   Code   RO         4620    i.parse_string      cjson.o
    0x08006cac   0x08006cac   0x000000bc   Code   RO         4621    i.parse_value       cjson.o
    0x08006d68   0x08006d68   0x000009d8   Code   RO         5069    i.pow               m_ws.l(pow.o)
    0x08007740   0x08007740   0x0000002e   Code   RO         4265    i.rotl              hmac_sha1.o
    0x0800776e   0x0800776e   0x00000002   PAD
    0x08007770   0x08007770   0x00000094   Code   RO         5078    i.round             m_ws.l(round.o)
    0x08007804   0x08007804   0x00000284   Code   RO         4267    i.sha1              hmac_sha1.o
    0x08007a88   0x08007a88   0x00000012   Code   RO         4629    i.skip              cjson.o
    0x08007a9a   0x08007a9a   0x0000004c   Code   RO         5460    i.sqrt              m_ws.l(sqrt.o)
    0x08007ae6   0x08007ae6   0x00001317   Data   RO         4162    .constdata          oled_data.o
    0x08008dfd   0x08008dfd   0x000000c0   Data   RO         4176    .constdata          base64.o
    0x08008ebd   0x08008ebd   0x00000007   Data   RO         4632    .constdata          cjson.o
    0x08008ec4   0x08008ec4   0x0000002a   Data   RO         5024    .constdata          platform_handler.o
    0x08008eee   0x08008eee   0x00000002   PAD
    0x08008ef0   0x08008ef0   0x00000088   Data   RO         5070    .constdata          m_ws.l(pow.o)
    0x08008f78   0x08008f78   0x00000008   Data   RO         5458    .constdata          m_ws.l(qnan.o)
    0x08008f80   0x08008f80   0x00000047   Data   RO         4510    .conststring        onenet.o
    0x08008fc7   0x08008fc7   0x00000001   PAD
    0x08008fc8   0x08008fc8   0x000000e2   Data   RO         5025    .conststring        platform_handler.o
    0x080090aa   0x080090aa   0x00000002   PAD
    0x080090ac   0x080090ac   0x00000020   Data   RO         5520    Region$$Table       anon$$obj.o


    Execution Region RW_IRAM1 (Exec base: 0x20000000, Load base: 0x080090cc, Size: 0x00001e78, Max: 0x00005000, ABSOLUTE)

    Exec Addr    Load Addr    Size         Type   Attr      Idx    E Section Name        Object

    0x20000000   0x080090cc   0x00000014   Data   RW         1805    .data               stm32f10x_rcc.o
    0x20000014   0x080090e0   0x00000029   Data   RW         3197    .data               main.o
    0x2000003d   0x08009109   0x00000002   Data   RW         3461    .data               common_types.o
    0x2000003f   0x0800910b   0x00000001   Data   RW         3694    .data               key.o
    0x20000040   0x0800910c   0x0000000c   Data   RW         3827    .data               adc2.o
    0x2000004c   0x08009118   0x00000004   Data   RW         4212    .data               esp8266.o
    0x20000050   0x0800911c   0x00000002   Data   RW         4511    .data               onenet.o
    0x20000052   0x0800911e   0x00000002   PAD
    0x20000054   0x08009120   0x0000000c   Data   RW         4633    .data               cjson.o
    0x20000060   0x0800912c   0x00000006   Data   RW         5026    .data               platform_handler.o
    0x20000066   0x08009132   0x00000002   PAD
    0x20000068   0x08009134   0x00000004   Data   RW         5494    .data               mc_w.l(mvars.o)
    0x2000006c   0x08009138   0x00000004   Data   RW         5495    .data               mc_w.l(mvars.o)
    0x20000070   0x0800913c   0x00000004   Data   RW         5499    .data               mc_w.l(errno.o)
    0x20000074        -       0x00000400   Zero   RW         3973    .bss                oled.o
    0x20000474        -       0x00000200   Zero   RW         4211    .bss                esp8266.o
    0x20000674   0x08009140   0x00000004   PAD
    0x20000678        -       0x00000800   Zero   RW            2    HEAP                startup_stm32f10x_md.o
    0x20000e78        -       0x00001000   Zero   RW            1    STACK               startup_stm32f10x_md.o


==============================================================================

Image component sizes


      Code (inc. data)   RO Data    RW Data    ZI Data      Debug   Object Name

       316         26          0         12          0       1627   adc2.o
       688          8        192          0          0       3404   base64.o
       120         22          0          0          0       1810   buzzer.o
      2176         82          7         12          0      11333   cjson.o
      1896        906          0          2          0       7581   common_types.o
         0          0          0          0          0       4508   core_cm3.o
        70          0          0          0          0        914   delay.o
       760        240          0          4        512       4671   esp8266.o
      1148         30          0          0          0       4143   hmac_sha1.o
       276         12          0          1          0       1758   key.o
       660        168          0          0          0       3949   key_handler.o
       100         10          0          0          0        931   led.o
       148         36          0         41          0     213886   main.o
       132         22          0          0          0     213735   misc.o
       104         12          0          0          0        963   motor.o
      2812         34          0          0          0      17453   mqttkit.o
       338         18          0          0          0       4762   myi2c.o
      2114         56          0          0       1024      13866   oled.o
         0          0       4887          0          0       1070   oled_data.o
      2090        452          0          0          0       3770   oled_handler.o
      2836       1216         71          2          0       9156   onenet.o
       504        212        268          6          0       2293   platform_handler.o
       164          4          0          0          0       1093   pwm.o
       130         24          0          0          0       1283   sensors.o
       308         16          0          0          0       1366   sht30.o
        36          8        236          0       6144        800   startup_stm32f10x_md.o
       390         10          0          0          0      17629   stm32f10x_adc.o
        84          0          0          0          0      12421   stm32f10x_dma.o
       332          0          0          0          0      12873   stm32f10x_gpio.o
        26          0          0          0          0       3686   stm32f10x_it.o
       332         44          0         20          0      13961   stm32f10x_rcc.o
       376         62          0          0          0      24054   stm32f10x_tim.o
       450          6          0          0          0      11835   stm32f10x_usart.o
       328         28          0          0          0      54969   system_stm32f10x.o
       498         24          0          0          0       4149   usart.o

    ----------------------------------------------------------------------
     22778       3788       5698        104       7684     687702   Object Totals
         0          0         32          0          0          0   (incl. Generated)
        36          0          5          4          4          0   (incl. Padding)

    ----------------------------------------------------------------------

      Code (inc. data)   RO Data    RW Data    ZI Data      Debug   Library Member Name

        62         10          0          0          0        340   dunder.o
        40          0          0          0          0         68   fpclassify.o
       170          0          0          0          0         96   poly.o
      2520        190        136          0          0        324   pow.o
         0          0          8          0          0          0   qnan.o
       148         12          0          0          0         88   round.o
        76          0          0          0          0         84   sqrt.o
         0          0          0          0          0          0   entry.o
         0          0          0          0          0          0   entry10a.o
         0          0          0          0          0          0   entry11a.o
         8          4          0          0          0          0   entry2.o
         4          0          0          0          0          0   entry5.o
         0          0          0          0          0          0   entry7b.o
         0          0          0          0          0          0   entry8b.o
         8          4          0          0          0          0   entry9a.o
        12          6          0          4          0         68   errno.o
        30          0          0          0          0          0   handlers.o
        36          8          0          0          0         68   init.o
         0          0          0          0          0          0   iusefp.o
        30          0          0          0          0         68   llshl.o
        36          0          0          0          0         68   llsshr.o
        32          0          0          0          0         68   llushr.o
       188         20          0          0          0        160   malloc.o
        36          0          0          0          0         68   memcpya.o
        36          0          0          0          0        108   memseta.o
         0          0          0          8          0          0   mvars.o
      2390         94          0          0          0        752   printfa.o
        24          0          0          0          0         68   strcat.o
        20          0          0          0          0         68   strchr.o
        28          0          0          0          0         76   strcmp.o
        14          0          0          0          0         68   strlen.o
        40          0          0          0          0         76   strncat.o
        30          0          0          0          0         80   strncmp.o
        36          0          0          0          0         80   strstr.o
        12          0          0          0          0         68   tolower.o
        44          0          0          0          0         80   uidiv.o
        98          0          0          0          0         92   uldiv.o
        48          0          0          0          0         68   cdcmple.o
        48          0          0          0          0         68   cdrcmple.o
        20          0          0          0          0         68   cfcmple.o
       334          0          0          0          0        148   dadd.o
       222          0          0          0          0        100   ddiv.o
       186          0          0          0          0        176   depilogue.o
        62          0          0          0          0         80   dfixi.o
        50          0          0          0          0         76   dfixui.o
        48          0          0          0          0         68   dfixul.o
        34          0          0          0          0         76   dflti.o
        26          0          0          0          0         76   dfltui.o
       228          0          0          0          0         96   dmul.o
       136          4          0          0          0         92   drnd.o
        46          0          0          0          0         80   dscalb.o
       162          0          0          0          0        100   dsqrt.o
        38          0          0          0          0         68   f2d.o
       176          0          0          0          0        140   fadd.o
       124          0          0          0          0         88   fdiv.o
       110          0          0          0          0        168   fepilogue.o
        18          0          0          0          0         68   fflti.o
        10          0          0          0          0         68   ffltui.o
       100          0          0          0          0         76   fmul.o

    ----------------------------------------------------------------------
      8448        352        144         12          0       5232   Library Totals
        14          0          0          0          0          0   (incl. Padding)

    ----------------------------------------------------------------------

      Code (inc. data)   RO Data    RW Data    ZI Data      Debug   Library Name

      3016        212        144          0          0       1000   m_ws.l
      3192        136          0         12          0       2184   mc_w.l
      2226          4          0          0          0       2048   mf_w.l

    ----------------------------------------------------------------------
      8448        352        144         12          0       5232   Library Totals

    ----------------------------------------------------------------------

==============================================================================


      Code (inc. data)   RO Data    RW Data    ZI Data      Debug   

     31226       4140       5842        116       7684     680814   Grand Totals
     31226       4140       5842        116       7684     680814   ELF Image Totals
     31226       4140       5842        116          0          0   ROM Totals

==============================================================================

    Total RO  Size (Code + RO Data)                37068 (  36.20kB)
    Total RW  Size (RW Data + ZI Data)              7800 (   7.62kB)
    Total ROM Size (Code + RO Data + RW Data)      37184 (  36.31kB)

==============================================================================

